Archive member included to satisfy reference by file (symbol)

c:/program files (x86)/atmel/studio/7.0/toolchain/avr8/avr8-gnu-toolchain/bin/../lib/gcc/avr/5.4.0/../../../../avr/lib/avr5\libm.a(addsf3.o)
                              Libraria/function.o (__subsf3)
c:/program files (x86)/atmel/studio/7.0/toolchain/avr8/avr8-gnu-toolchain/bin/../lib/gcc/avr/5.4.0/../../../../avr/lib/avr5\libm.a(addsf3x.o)
                              c:/program files (x86)/atmel/studio/7.0/toolchain/avr8/avr8-gnu-toolchain/bin/../lib/gcc/avr/5.4.0/../../../../avr/lib/avr5\libm.a(addsf3.o) (__addsf3x)
c:/program files (x86)/atmel/studio/7.0/toolchain/avr8/avr8-gnu-toolchain/bin/../lib/gcc/avr/5.4.0/../../../../avr/lib/avr5\libm.a(cmpsf2.o)
                              Libraria/function.o (__ltsf2)
c:/program files (x86)/atmel/studio/7.0/toolchain/avr8/avr8-gnu-toolchain/bin/../lib/gcc/avr/5.4.0/../../../../avr/lib/avr5\libm.a(divsf3.o)
                              Libraria/znpid.o (__divsf3)
c:/program files (x86)/atmel/studio/7.0/toolchain/avr8/avr8-gnu-toolchain/bin/../lib/gcc/avr/5.4.0/../../../../avr/lib/avr5\libm.a(divsf3x.o)
                              c:/program files (x86)/atmel/studio/7.0/toolchain/avr8/avr8-gnu-toolchain/bin/../lib/gcc/avr/5.4.0/../../../../avr/lib/avr5\libm.a(divsf3.o) (__divsf3x)
c:/program files (x86)/atmel/studio/7.0/toolchain/avr8/avr8-gnu-toolchain/bin/../lib/gcc/avr/5.4.0/../../../../avr/lib/avr5\libm.a(fixsfsi.o)
                              Libraria/function.o (__fixsfsi)
c:/program files (x86)/atmel/studio/7.0/toolchain/avr8/avr8-gnu-toolchain/bin/../lib/gcc/avr/5.4.0/../../../../avr/lib/avr5\libm.a(fixunssfsi.o)
                              Libraria/function.o (__fixunssfsi)
c:/program files (x86)/atmel/studio/7.0/toolchain/avr8/avr8-gnu-toolchain/bin/../lib/gcc/avr/5.4.0/../../../../avr/lib/avr5\libm.a(floatsisf.o)
                              Libraria/function.o (__floatunsisf)
c:/program files (x86)/atmel/studio/7.0/toolchain/avr8/avr8-gnu-toolchain/bin/../lib/gcc/avr/5.4.0/../../../../avr/lib/avr5\libm.a(fp_cmp.o)
                              c:/program files (x86)/atmel/studio/7.0/toolchain/avr8/avr8-gnu-toolchain/bin/../lib/gcc/avr/5.4.0/../../../../avr/lib/avr5\libm.a(cmpsf2.o) (__fp_cmp)
c:/program files (x86)/atmel/studio/7.0/toolchain/avr8/avr8-gnu-toolchain/bin/../lib/gcc/avr/5.4.0/../../../../avr/lib/avr5\libm.a(fp_inf.o)
                              c:/program files (x86)/atmel/studio/7.0/toolchain/avr8/avr8-gnu-toolchain/bin/../lib/gcc/avr/5.4.0/../../../../avr/lib/avr5\libm.a(addsf3x.o) (__fp_inf)
c:/program files (x86)/atmel/studio/7.0/toolchain/avr8/avr8-gnu-toolchain/bin/../lib/gcc/avr/5.4.0/../../../../avr/lib/avr5\libm.a(fp_nan.o)
                              c:/program files (x86)/atmel/studio/7.0/toolchain/avr8/avr8-gnu-toolchain/bin/../lib/gcc/avr/5.4.0/../../../../avr/lib/avr5\libm.a(addsf3x.o) (__fp_nan)
c:/program files (x86)/atmel/studio/7.0/toolchain/avr8/avr8-gnu-toolchain/bin/../lib/gcc/avr/5.4.0/../../../../avr/lib/avr5\libm.a(fp_pscA.o)
                              c:/program files (x86)/atmel/studio/7.0/toolchain/avr8/avr8-gnu-toolchain/bin/../lib/gcc/avr/5.4.0/../../../../avr/lib/avr5\libm.a(addsf3x.o) (__fp_pscA)
c:/program files (x86)/atmel/studio/7.0/toolchain/avr8/avr8-gnu-toolchain/bin/../lib/gcc/avr/5.4.0/../../../../avr/lib/avr5\libm.a(fp_pscB.o)
                              c:/program files (x86)/atmel/studio/7.0/toolchain/avr8/avr8-gnu-toolchain/bin/../lib/gcc/avr/5.4.0/../../../../avr/lib/avr5\libm.a(addsf3x.o) (__fp_pscB)
c:/program files (x86)/atmel/studio/7.0/toolchain/avr8/avr8-gnu-toolchain/bin/../lib/gcc/avr/5.4.0/../../../../avr/lib/avr5\libm.a(fp_round.o)
                              c:/program files (x86)/atmel/studio/7.0/toolchain/avr8/avr8-gnu-toolchain/bin/../lib/gcc/avr/5.4.0/../../../../avr/lib/avr5\libm.a(addsf3.o) (__fp_round)
c:/program files (x86)/atmel/studio/7.0/toolchain/avr8/avr8-gnu-toolchain/bin/../lib/gcc/avr/5.4.0/../../../../avr/lib/avr5\libm.a(fp_split3.o)
                              c:/program files (x86)/atmel/studio/7.0/toolchain/avr8/avr8-gnu-toolchain/bin/../lib/gcc/avr/5.4.0/../../../../avr/lib/avr5\libm.a(addsf3x.o) (__fp_split3)
c:/program files (x86)/atmel/studio/7.0/toolchain/avr8/avr8-gnu-toolchain/bin/../lib/gcc/avr/5.4.0/../../../../avr/lib/avr5\libm.a(fp_zero.o)
                              c:/program files (x86)/atmel/studio/7.0/toolchain/avr8/avr8-gnu-toolchain/bin/../lib/gcc/avr/5.4.0/../../../../avr/lib/avr5\libm.a(addsf3x.o) (__fp_zero)
c:/program files (x86)/atmel/studio/7.0/toolchain/avr8/avr8-gnu-toolchain/bin/../lib/gcc/avr/5.4.0/../../../../avr/lib/avr5\libm.a(gesf2.o)
                              Libraria/znpid.o (__gtsf2)
c:/program files (x86)/atmel/studio/7.0/toolchain/avr8/avr8-gnu-toolchain/bin/../lib/gcc/avr/5.4.0/../../../../avr/lib/avr5\libm.a(mulsf3.o)
                              Libraria/function.o (__mulsf3)
[...]
Memory Configuration

Name             Origin             Length             Attributes
text             0x00000000         0x00020000         xr
data             0x00800060         0x0000ffa0         rw !x
eeprom           0x00810000         0x00010000         rw !x
fuse             0x00820000         0x00000003         rw !x
lock             0x00830000         0x00000400         rw !x
signature        0x00840000         0x00000400         rw !x
user_signatures  0x00850000         0x00000400         rw !x
*default*        0x00000000         0xffffffff

Linker script and memory map

Address of section .data set to 0x800100
LOAD C:/Program Files (x86)/Atmel/Studio/7.0/Packs/atmel/ATmega_DFP/1.3.300/gcc/dev/atmega328/avr5/crtatmega328.o
LOAD Libraria/74hc595.o
LOAD Libraria/atcommands.o
LOAD Libraria/atmega328analog.o
LOAD Libraria/atmega328interrupt.o
LOAD Libraria/atmega328mapping.o
LOAD Libraria/atmega328timer.o
LOAD Libraria/atmega328twi.o
LOAD Libraria/atmega328uart.o
LOAD Libraria/atmegaeeprom.o
LOAD Libraria/buffer.o
LOAD Libraria/clock.o
LOAD Libraria/explode.o
LOAD Libraria/function.o
LOAD Libraria/hx711.o
LOAD Libraria/keypad.o
LOAD Libraria/lcd2p.o
LOAD Libraria/lfsm.o
LOAD Libraria/mm74c923.o
LOAD Libraria/pcf8563rtc.o
LOAD Libraria/rotenc.o
LOAD Libraria/watch.o
LOAD Libraria/znpid.o
LOAD main.o
START GROUP
LOAD c:/program files (x86)/atmel/studio/7.0/toolchain/avr8/avr8-gnu-toolchain/bin/../lib/gcc/avr/5.4.0/../../../../avr/lib/avr5\libm.a
END GROUP
START GROUP
LOAD c:/program files (x86)/atmel/studio/7.0/toolchain/avr8/avr8-gnu-toolchain/bin/../lib/gcc/avr/5.4.0/avr5\libgcc.a
LOAD c:/program files (x86)/atmel/studio/7.0/toolchain/avr8/avr8-gnu-toolchain/bin/../lib/gcc/avr/5.4.0/../../../../avr/lib/avr5\libm.a
LOAD c:/program files (x86)/atmel/studio/7.0/toolchain/avr8/avr8-gnu-toolchain/bin/../lib/gcc/avr/5.4.0/../../../../avr/lib/avr5\libc.a
LOAD C:/Program Files (x86)/Atmel/Studio/7.0/Packs/atmel/ATmega_DFP/1.3.300/gcc/dev/atmega328/avr5\libatmega328.a
END GROUP
                0x00000000                __TEXT_REGION_ORIGIN__ = DEFINED (__TEXT_REGION_ORIGIN__)?__TEXT_REGION_ORIGIN__:0x0
                0x00800060                __DATA_REGION_ORIGIN__ = DEFINED (__DATA_REGION_ORIGIN__)?__DATA_REGION_ORIGIN__:0x800060
                0x00020000                __TEXT_REGION_LENGTH__ = DEFINED (__TEXT_REGION_LENGTH__)?__TEXT_REGION_LENGTH__:0x20000
                0x0000ffa0                __DATA_REGION_LENGTH__ = DEFINED (__DATA_REGION_LENGTH__)?__DATA_REGION_LENGTH__:0xffa0
                0x00010000                __EEPROM_REGION_LENGTH__ = DEFINED (__EEPROM_REGION_LENGTH__)?__EEPROM_REGION_LENGTH__:0x10000
                [0x00000003]                __FUSE_REGION_LENGTH__ = DEFINED (__FUSE_REGION_LENGTH__)?__FUSE_REGION_LENGTH__:0x400
                0x00000400                __LOCK_REGION_LENGTH__ = DEFINED (__LOCK_REGION_LENGTH__)?__LOCK_REGION_LENGTH__:0x400
                0x00000400                __SIGNATURE_REGION_LENGTH__ = DEFINED (__SIGNATURE_REGION_LENGTH__)?__SIGNATURE_REGION_LENGTH__:0x400
                0x00000400                __USER_SIGNATURE_REGION_LENGTH__ = DEFINED (__USER_SIGNATURE_REGION_LENGTH__)?__USER_SIGNATURE_REGION_LENGTH__:0x400

.hash
 *(.hash)

.dynsym
 *(.dynsym)

.dynstr
 *(.dynstr)

.gnu.version
 *(.gnu.version)

.gnu.version_d
 *(.gnu.version_d)

.gnu.version_r
 *(.gnu.version_r)

.rel.init
 *(.rel.init)

.rela.init
 *(.rela.init)

.rel.text
 *(.rel.text)
 *(.rel.text.*)
 *(.rel.gnu.linkonce.t*)

.rela.text
 *(.rela.text)
 *(.rela.text.*)
 *(.rela.gnu.linkonce.t*)

.rel.fini
 *(.rel.fini)

.rela.fini
 *(.rela.fini)

.rel.rodata
 *(.rel.rodata)
 *(.rel.rodata.*)
 *(.rel.gnu.linkonce.r*)

.rela.rodata
 *(.rela.rodata)
 *(.rela.rodata.*)
 *(.rela.gnu.linkonce.r*)

.rel.data
 *(.rel.data)
 *(.rel.data.*)
 *(.rel.gnu.linkonce.d*)

.rela.data
 *(.rela.data)
 *(.rela.data.*)
 *(.rela.gnu.linkonce.d*)

.rel.ctors
 *(.rel.ctors)

.rela.ctors
 *(.rela.ctors)

.rel.dtors
 *(.rel.dtors)

.rela.dtors
 *(.rela.dtors)

.rel.got
 *(.rel.got)

.rela.got
 *(.rela.got)

.rel.bss
 *(.rel.bss)

.rela.bss
 *(.rela.bss)

.rel.plt
 *(.rel.plt)

.rela.plt
 *(.rela.plt)

.text           0x00000000     0x1fd2
 *(.vectors)
 .vectors       0x00000000       0x68 C:/Program Files (x86)/Atmel/Studio/7.0/Packs/atmel/ATmega_DFP/1.3.300/gcc/dev/atmega328/avr5/crtatmega328.o
                0x00000000                __vector_default
                0x00000000                __vectors
 *(.vectors)
 *(.progmem.gcc*)
 .progmem.gcc_sw_table.TIMER_COUNTER0enable
                0x00000068        0xe Libraria/atmega328timer.o
 .progmem.gcc_sw_table.TIMER_COUNTER1enable
                0x00000076       0x34 Libraria/atmega328timer.o
                0x000000aa                . = ALIGN (0x2)
                0x000000aa                __trampolines_start = .
 *(.trampolines)
 .trampolines   0x000000aa        0x0 linker stubs
 *(.trampolines*)
                0x000000aa                __trampolines_end = .
 *libprintf_flt.a:*(.progmem.data)
 *libc.a:*(.progmem.data)
 *(.progmem*)
                0x000000aa                . = ALIGN (0x2)
 *(.jumptables)
 *(.jumptables*)
 *(.lowtext)
 *(.lowtext*)
                0x000000aa                __ctors_start = .
 *(.ctors)
                0x000000aa                __ctors_end = .
                0x000000aa                __dtors_start = .
 *(.dtors)
                0x000000aa                __dtors_end = .
 SORT(*)(.ctors)
 SORT(*)(.dtors)
 *(.init0)
 .init0         0x000000aa        0x0 C:/Program Files (x86)/Atmel/Studio/7.0/Packs/atmel/ATmega_DFP/1.3.300/gcc/dev/atmega328/avr5/crtatmega328.o
                0x000000aa                __init
 *(.init0)
 *(.init1)
 *(.init1)
 *(.init2)
 .init2         0x000000aa        0xc C:/Program Files (x86)/Atmel/Studio/7.0/Packs/atmel/ATmega_DFP/1.3.300/gcc/dev/atmega328/avr5/crtatmega328.o
 *(.init2)
 *(.init3)
 *(.init3)
 *(.init4)
 .init4         0x000000b6       0x16 c:/program files (x86)/atmel/studio/7.0/toolchain/avr8/avr8-gnu-toolchain/bin/../lib/gcc/avr/5.4.0/avr5\libgcc.a(_copy_data.o)
                0x000000b6                __do_copy_data
 .init4         0x000000cc       0x10 c:/program files (x86)/atmel/studio/7.0/toolchain/avr8/avr8-gnu-toolchain/bin/../lib/gcc/avr/5.4.0/avr5\libgcc.a(_clear_bss.o)
                0x000000cc                __do_clear_bss
 *(.init4)
 *(.init5)
 *(.init5)
 *(.init6)
 *(.init6)
 *(.init7)
 *(.init7)
 *(.init8)
 *(.init8)
 *(.init9)
 .init9         0x000000dc        0x8 C:/Program Files (x86)/Atmel/Studio/7.0/Packs/atmel/ATmega_DFP/1.3.300/gcc/dev/atmega328/avr5/crtatmega328.o
 *(.init9)
 *(.text)
 .text          0x000000e4        0x4 C:/Program Files (x86)/Atmel/Studio/7.0/Packs/atmel/ATmega_DFP/1.3.300/gcc/dev/atmega328/avr5/crtatmega328.o
                0x000000e4                __vector_22
                0x000000e4                __vector_1
                0x000000e4                __vector_24
                0x000000e4                __vector_12
                0x000000e4                __bad_interrupt
                0x000000e4                __vector_6
                0x000000e4                __vector_3
                0x000000e4                __vector_23
                0x000000e4                __vector_25
                0x000000e4                __vector_11
                0x000000e4                __vector_13
                0x000000e4                __vector_17
                0x000000e4                __vector_7
                0x000000e4                __vector_5
                0x000000e4                __vector_4
                0x000000e4                __vector_9
                0x000000e4                __vector_2
                0x000000e4                __vector_15
                0x000000e4                __vector_8
                0x000000e4                __vector_14
                0x000000e4                __vector_10
                0x000000e4                __vector_16
                0x000000e4                __vector_20
                0x000000e8                . = ALIGN (0x2)
 *(.text.*)
 .text.ANALOG_read
                0x000000e8       0x22 Libraria/atmega328analog.o
                0x000000e8                ANALOG_read
 .text.ANALOGenable
                0x0000010a      0x250 Libraria/atmega328analog.o
                0x0000010a                ANALOGenable
 .text.__vector_21
                0x0000035a      0x122 Libraria/atmega328analog.o
                0x0000035a                __vector_21
 .text.INTERRUPT_reset_status
                0x0000047c       0x4c Libraria/atmega328interrupt.o
                0x0000047c                INTERRUPT_reset_status
 .text.INTERRUPT_set
                0x000004c8       0x6e Libraria/atmega328interrupt.o
                0x000004c8                INTERRUPT_set
 .text.INTERRUPT_off
                0x00000536       0x16 Libraria/atmega328interrupt.o
                0x00000536                INTERRUPT_off
 .text.INTERRUPTenable
                0x0000054c       0x44 Libraria/atmega328interrupt.o
                0x0000054c                INTERRUPTenable
 .text.ReadHLByte
                0x00000590       0x10 Libraria/atmega328mapping.o
                0x00000590                ReadHLByte
 .text.ReadLHByte
                0x000005a0       0x10 Libraria/atmega328mapping.o
                0x000005a0                ReadLHByte
 .text.WriteHLByte
                0x000005b0        0x2 Libraria/atmega328mapping.o
                0x000005b0                WriteHLByte
 .text.WriteLHByte
                0x000005b2        0x8 Libraria/atmega328mapping.o
                0x000005b2                WriteLHByte
 .text.SwapByte
                0x000005ba        0x8 Libraria/atmega328mapping.o
                0x000005ba                SwapByte
 .text.ATMEGA328enable
                0x000005c2       0xea Libraria/atmega328mapping.o
                0x000005c2                ATMEGA328enable
 .text.TIMER_COUNTER0_start
                0x000006ac       0xec Libraria/atmega328timer.o
                0x000006ac                TIMER_COUNTER0_start
 .text.TIMER_COUNTER0_compoutmodeA
                0x00000798       0x4a Libraria/atmega328timer.o
                0x00000798                TIMER_COUNTER0_compoutmodeA
 .text.TIMER_COUNTER0_compoutmodeB
                0x000007e2       0x4a Libraria/atmega328timer.o
                0x000007e2                TIMER_COUNTER0_compoutmodeB
 .text.TIMER_COUNTER0_compareA
                0x0000082c        0xc Libraria/atmega328timer.o
                0x0000082c                TIMER_COUNTER0_compareA
 .text.TIMER_COUNTER0_compareB
                0x00000838        0xc Libraria/atmega328timer.o
                0x00000838                TIMER_COUNTER0_compareB
 .text.TIMER_COUNTER0_stop
                0x00000844       0x22 Libraria/atmega328timer.o
                0x00000844                TIMER_COUNTER0_stop
 .text.TIMER_COUNTER1_start
                0x00000866      0x108 Libraria/atmega328timer.o
                0x00000866                TIMER_COUNTER1_start
 .text.TIMER_COUNTER1_compoutmodeA
                0x0000096e       0x46 Libraria/atmega328timer.o
                0x0000096e                TIMER_COUNTER1_compoutmodeA
 .text.TIMER_COUNTER1_compoutmodeB
                0x000009b4       0x46 Libraria/atmega328timer.o
                0x000009b4                TIMER_COUNTER1_compoutmodeB
 .text.TIMER_COUNTER1_compareA
                0x000009fa       0x22 Libraria/atmega328timer.o
                0x000009fa                TIMER_COUNTER1_compareA
 .text.TIMER_COUNTER1_compareB
                0x00000a1c       0x22 Libraria/atmega328timer.o
                0x00000a1c                TIMER_COUNTER1_compareB
 .text.TIMER_COUNTER1_stop
                0x00000a3e       0x38 Libraria/atmega328timer.o
                0x00000a3e                TIMER_COUNTER1_stop
 .text.TIMER_COUNTER2_start
                0x00000a76       0xcc Libraria/atmega328timer.o
                0x00000a76                TIMER_COUNTER2_start
 .text.TIMER_COUNTER2_compoutmodeA
                0x00000b42       0x46 Libraria/atmega328timer.o
                0x00000b42                TIMER_COUNTER2_compoutmodeA
 .text.TIMER_COUNTER2_compoutmodeB
                0x00000b88       0x46 Libraria/atmega328timer.o
                0x00000b88                TIMER_COUNTER2_compoutmodeB
 .text.TIMER_COUNTER2_compareA
                0x00000bce       0x10 Libraria/atmega328timer.o
                0x00000bce                TIMER_COUNTER2_compareA
 .text.TIMER_COUNTER2_compareB
                0x00000bde       0x10 Libraria/atmega328timer.o
                0x00000bde                TIMER_COUNTER2_compareB
 .text.TIMER_COUNTER2_stop
                0x00000bee       0x1e Libraria/atmega328timer.o
                0x00000bee                TIMER_COUNTER2_stop
 .text.TIMER_COUNTER0enable
                0x00000c0c      0x1a8 Libraria/atmega328timer.o
                0x00000c0c                TIMER_COUNTER0enable
 .text.TIMER_COUNTER1enable
                0x00000db4      0x22e Libraria/atmega328timer.o
                0x00000db4                TIMER_COUNTER1enable
 .text.TIMER_COUNTER2enable
                0x00000fe2      0x168 Libraria/atmega328timer.o
                0x00000fe2                TIMER_COUNTER2enable
 .text.TWI_status
                0x0000114a        0xe Libraria/atmega328twi.o
                0x0000114a                TWI_status
 .text.TWI_stop
                0x00001158       0x1a Libraria/atmega328twi.o
                0x00001158                TWI_stop
 .text.TWI_init
                0x00001172       0xca Libraria/atmega328twi.o
                0x00001172                TWI_init
 .text.TWIenable
                0x0000123c       0xc8 Libraria/atmega328twi.o
                0x0000123c                TWIenable
 .text.TWI_wait_twint
                0x00001304       0x20 Libraria/atmega328twi.o
                0x00001304                TWI_wait_twint
 .text.TWI_start
                0x00001324       0x22 Libraria/atmega328twi.o
                0x00001324                TWI_start
 .text.TWI_connect
                0x00001346       0x3c Libraria/atmega328twi.o
                0x00001346                TWI_connect
 .text.TWI_master_write
                0x00001382       0x2c Libraria/atmega328twi.o
                0x00001382                TWI_master_write
 .text.TWI_master_read
                0x000013ae       0x36 Libraria/atmega328twi.o
                0x000013ae                TWI_master_read
 .text.uart_gets
                0x000013e4       0x10 Libraria/atmega328uart.o
                0x000013e4                uart_gets
 .text.uart_rxflush
                0x000013f4       0x10 Libraria/atmega328uart.o
                0x000013f4                uart_rxflush
 .text.uart_read
                0x00001404       0x16 Libraria/atmega328uart.o
                0x00001404                uart_read
 .text.uart_getch
                0x0000141a        0x6 Libraria/atmega328uart.o
                0x0000141a                uart_getch
 .text.uart_write
                0x00001420       0x26 Libraria/atmega328uart.o
                0x00001420                uart_write
 .text.uart_putch
                0x00001446        0x6 Libraria/atmega328uart.o
                0x00001446                uart_putch
 .text.uart_puts
                0x0000144c       0x1e Libraria/atmega328uart.o
                0x0000144c                uart_puts
 .text.UARTenable
                0x0000146a      0x348 Libraria/atmega328uart.o
                0x0000146a                UARTenable
 .text.__vector_18
                0x000017b2       0x68 Libraria/atmega328uart.o
                0x000017b2                __vector_18
 .text.__vector_19
                0x0000181a       0x2e Libraria/atmega328uart.o
                0x0000181a                __vector_19
 .text.BUFF_push
                0x00001848       0x36 Libraria/buffer.o
                0x00001848                BUFF_push
 .text.BUFF_raw
                0x0000187e        0x8 Libraria/buffer.o
                0x0000187e                BUFF_raw
 .text.BUFF_flush
                0x00001886       0x14 Libraria/buffer.o
                0x00001886                BUFF_flush
 .text.BUFFenable
                0x0000189a       0x34 Libraria/buffer.o
                0x0000189a                BUFFenable
 .text.LCD0_strobe
                0x000018ce       0x1e Libraria/lcd2p.o
                0x000018ce                LCD0_strobe
 .text.LCD0_write
                0x000018ec      0x1a0 Libraria/lcd2p.o
                0x000018ec                LCD0_write
 .text.LCD0_clear
                0x00001a8c       0x18 Libraria/lcd2p.o
                0x00001a8c                LCD0_clear
 .text.LCD0_read
                0x00001aa4      0x112 Libraria/lcd2p.o
                0x00001aa4                LCD0_read
 .text.LCD0_BF  0x00001bb6       0x22 Libraria/lcd2p.o
                0x00001bb6                LCD0_BF
 .text.LCD0_putch
                0x00001bd8        0xe Libraria/lcd2p.o
                0x00001bd8                LCD0_putch
 .text.LCD0_string
                0x00001be6       0x1e Libraria/lcd2p.o
                0x00001be6                LCD0_string
 .text.LCD0_string_size
                0x00001c04       0x56 Libraria/lcd2p.o
                0x00001c04                LCD0_string_size
 .text.LCD0_hspace
                0x00001c5a       0x16 Libraria/lcd2p.o
                0x00001c5a                LCD0_hspace
 .text.LCD0_gotoxy
                0x00001c70       0x5e Libraria/lcd2p.o
                0x00001c70                LCD0_gotoxy
 .text.LCD0_inic
                0x00001cce       0xfc Libraria/lcd2p.o
                0x00001cce                LCD0_inic
 .text.LCD0enable
                0x00001dca       0xe6 Libraria/lcd2p.o
                0x00001dca                LCD0enable
 .text.LCD0_reboot
                0x00001eb0       0x24 Libraria/lcd2p.o
                0x00001eb0                LCD0_reboot
 .text.LCD0_getch
                0x00001ed4       0x16 Libraria/lcd2p.o
                0x00001ed4                LCD0_getch
 .text.main     0x00001eea       0x94 main.o
                0x00001eea                main
 .text.libgcc.div
                0x00001f7e       0x44 c:/program files (x86)/atmel/studio/7.0/toolchain/avr8/avr8-gnu-toolchain/bin/../lib/gcc/avr/5.4.0/avr5\libgcc.a(_udivmodsi4.o)
                0x00001f7e                __udivmodsi4
 .text.libgcc   0x00001fc2        0xc c:/program files (x86)/atmel/studio/7.0/toolchain/avr8/avr8-gnu-toolchain/bin/../lib/gcc/avr/5.4.0/avr5\libgcc.a(_tablejump2.o)
                0x00001fc2                __tablejump2__
                0x00001fce                . = ALIGN (0x2)
 *(.fini9)
 .fini9         0x00001fce        0x0 c:/program files (x86)/atmel/studio/7.0/toolchain/avr8/avr8-gnu-toolchain/bin/../lib/gcc/avr/5.4.0/avr5\libgcc.a(_exit.o)
                0x00001fce                _exit
                0x00001fce                exit
 *(.fini9)
 *(.fini8)
 *(.fini8)
 *(.fini7)
 *(.fini7)
 *(.fini6)
 *(.fini6)
 *(.fini5)
 *(.fini5)
 *(.fini4)
 *(.fini4)
 *(.fini3)
 *(.fini3)
 *(.fini2)
 *(.fini2)
 *(.fini1)
 *(.fini1)
 *(.fini0)
 .fini0         0x00001fce        0x4 c:/program files (x86)/atmel/studio/7.0/toolchain/avr8/avr8-gnu-toolchain/bin/../lib/gcc/avr/5.4.0/avr5\libgcc.a(_exit.o)
 *(.fini0)
                0x00001fd2                _etext = .

.data           0x00800100       0x52 load address 0x00001fd2
                0x00800100                PROVIDE (__data_start, .)
 *(.data)
 *(.data*)
 *(.gnu.linkonce.d*)
 *(.rodata)
 *(.rodata*)
 .rodata.str1.1
                0x00800100       0x52 main.o
 *(.gnu.linkonce.r*)
                0x00800152                . = ALIGN (0x2)
                0x00800152                _edata = .
                0x00800152                PROVIDE (__data_end, .)

.bss            0x00800152       0xe2
                0x00800152                PROVIDE (__bss_start, .)
 *(.bss)
 *(.bss*)
 .bss.adc_n_sample
                0x00800152        0x1 Libraria/atmega328analog.o
 .bss.adc_tmp   0x00800153        0x2 Libraria/atmega328analog.o
 .bss.adc_sample
                0x00800155        0x2 Libraria/atmega328analog.o
 .bss.ADC_SELECTOR
                0x00800157        0x2 Libraria/atmega328analog.o
 .bss.ADC_N_CHANNEL
                0x00800159        0x2 Libraria/atmega328analog.o
 .bss.ADC_CHANNEL_GAIN
                0x0080015b       0x10 Libraria/atmega328analog.o
 .bss.ADC_VALUE
                0x0080016b       0x10 Libraria/atmega328analog.o
 .bss.timer2_state
                0x0080017b        0x1 Libraria/atmega328timer.o
 .bss.timer1_state
                0x0080017c        0x1 Libraria/atmega328timer.o
 .bss.timer0_state
                0x0080017d        0x1 Libraria/atmega328timer.o
 *(COMMON)
 COMMON         0x0080017e       0x3c Libraria/atmega328analog.o
                0x0080017e                m
 COMMON         0x008001ba       0x3c Libraria/atmega328timer.o
                0x008001ba                mega328
 COMMON         0x008001f6       0x31 Libraria/atmega328uart.o
                0x008001f6                UART_LastRxError
                0x008001f7                rxbuff
                0x00800205                UART_Rx
                0x00800206                UART_RxBuf
 COMMON         0x00800227        0xd Libraria/lcd2p.o
                0x00800227                lcd0cmd_PORT
                0x00800229                lcd0cmd_DDR
                0x0080022b                lcd0data_PIN
                0x0080022d                lcd0_detect
                0x0080022e                lcd0cmd_PIN
                0x00800230                lcd0data_DDR
                0x00800232                lcd0data_PORT
                0x00800234                PROVIDE (__bss_end, .)
                0x00001fd2                __data_load_start = LOADADDR (.data)
                0x00002024                __data_load_end = (__data_load_start + SIZEOF (.data))

.noinit         0x00800234        0x0
                [!provide]                PROVIDE (__noinit_start, .)
 *(.noinit*)
                [!provide]                PROVIDE (__noinit_end, .)
                0x00800234                _end = .
                [!provide]                PROVIDE (__heap_start, .)

.eeprom         0x00810000        0x0
 *(.eeprom*)
                0x00810000                __eeprom_end = .

.fuse
 *(.fuse)
 *(.lfuse)
 *(.hfuse)
 *(.efuse)

.lock
 *(.lock*)

.signature
 *(.signature*)

.user_signatures
 *(.user_signatures*)

.stab
 *(.stab)

.stabstr
 *(.stabstr)

.stab.excl
 *(.stab.excl)

.stab.exclstr
 *(.stab.exclstr)

.stab.index
 *(.stab.index)

.stab.indexstr
 *(.stab.indexstr)

.comment        0x00000000       0x30
 *(.comment)
 .comment       0x00000000       0x30 Libraria/atmega328analog.o
                                 0x31 (size before relaxing)
 .comment       0x00000030       0x31 Libraria/atmega328interrupt.o
 .comment       0x00000030       0x31 Libraria/atmega328mapping.o
 .comment       0x00000030       0x31 Libraria/atmega328timer.o
 .comment       0x00000030       0x31 Libraria/atmega328twi.o
 .comment       0x00000030       0x31 Libraria/atmega328uart.o
 .comment       0x00000030       0x31 Libraria/buffer.o
 .comment       0x00000030       0x31 Libraria/lcd2p.o
 .comment       0x00000030       0x31 main.o

.note.gnu.avr.deviceinfo
                0x00000000       0x3c
 .note.gnu.avr.deviceinfo
                0x00000000       0x3c C:/Program Files (x86)/Atmel/Studio/7.0/Packs/atmel/ATmega_DFP/1.3.300/gcc/dev/atmega328/avr5/crtatmega328.o

.note.gnu.build-id
 *(.note.gnu.build-id)

.debug
 *(.debug)

.line
 *(.line)

.debug_srcinfo
 *(.debug_srcinfo)

.debug_sfnames
 *(.debug_sfnames)

.debug_aranges  0x00000000      0x328
 *(.debug_aranges)
 .debug_aranges
                0x00000000       0x30 Libraria/atmega328analog.o
 .debug_aranges
                0x00000030       0x38 Libraria/atmega328interrupt.o
 .debug_aranges
                0x00000068       0x48 Libraria/atmega328mapping.o
 .debug_aranges
                0x000000b0       0xc0 Libraria/atmega328timer.o
 .debug_aranges
                0x00000170       0x60 Libraria/atmega328twi.o
 .debug_aranges
                0x000001d0       0x68 Libraria/atmega328uart.o
 .debug_aranges
                0x00000238       0x38 Libraria/buffer.o
 .debug_aranges
                0x00000270       0x90 Libraria/lcd2p.o
 .debug_aranges
                0x00000300       0x28 main.o

.debug_pubnames
 *(.debug_pubnames)

.debug_info     0x00000000     0x9b9c
 *(.debug_info .gnu.linkonce.wi.*)
 .debug_info    0x00000000      0x5f4 C:/Program Files (x86)/Atmel/Studio/7.0/Packs/atmel/ATmega_DFP/1.3.300/gcc/dev/atmega328/avr5/crtatmega328.o
 .debug_info    0x000005f4     0x1899 Libraria/atmega328analog.o
 .debug_info    0x00001e8d      0x1bb Libraria/atmega328interrupt.o
 .debug_info    0x00002048     0x1812 Libraria/atmega328mapping.o
 .debug_info    0x0000385a     0x1b53 Libraria/atmega328timer.o
 .debug_info    0x000053ad     0x1a63 Libraria/atmega328twi.o
 .debug_info    0x00006e10     0x1b66 Libraria/atmega328uart.o
 .debug_info    0x00008976      0x24c Libraria/buffer.o
 .debug_info    0x00008bc2      0xb77 Libraria/lcd2p.o
 .debug_info    0x00009739      0x463 main.o

.debug_abbrev   0x00000000     0x164e
 *(.debug_abbrev)
 .debug_abbrev  0x00000000      0x5a2 C:/Program Files (x86)/Atmel/Studio/7.0/Packs/atmel/ATmega_DFP/1.3.300/gcc/dev/atmega328/avr5/crtatmega328.o
 .debug_abbrev  0x000005a2      0x1e1 Libraria/atmega328analog.o
 .debug_abbrev  0x00000783      0x121 Libraria/atmega328interrupt.o
 .debug_abbrev  0x000008a4      0x15d Libraria/atmega328mapping.o
 .debug_abbrev  0x00000a01      0x24b Libraria/atmega328timer.o
 .debug_abbrev  0x00000c4c      0x278 Libraria/atmega328twi.o
 .debug_abbrev  0x00000ec4      0x2c0 Libraria/atmega328uart.o
 .debug_abbrev  0x00001184      0x125 Libraria/buffer.o
 .debug_abbrev  0x000012a9      0x26a Libraria/lcd2p.o
 .debug_abbrev  0x00001513      0x13b main.o

.debug_line     0x00000000     0x24b3
 *(.debug_line .debug_line.* .debug_line_end)
 .debug_line    0x00000000      0x133 C:/Program Files (x86)/Atmel/Studio/7.0/Packs/atmel/ATmega_DFP/1.3.300/gcc/dev/atmega328/avr5/crtatmega328.o
 .debug_line    0x00000133      0x394 Libraria/atmega328analog.o
 .debug_line    0x000004c7      0x202 Libraria/atmega328interrupt.o
 .debug_line    0x000006c9      0x247 Libraria/atmega328mapping.o
 .debug_line    0x00000910      0x93d Libraria/atmega328timer.o
 .debug_line    0x0000124d      0x410 Libraria/atmega328twi.o
 .debug_line    0x0000165d      0x4c2 Libraria/atmega328uart.o
 .debug_line    0x00001b1f      0x13a Libraria/buffer.o
 .debug_line    0x00001c59      0x73d Libraria/lcd2p.o
 .debug_line    0x00002396      0x11d main.o

.debug_frame    0x00000000      0x808
 *(.debug_frame)
 .debug_frame   0x00000000       0x9c Libraria/atmega328analog.o
 .debug_frame   0x0000009c       0x64 Libraria/atmega328interrupt.o
 .debug_frame   0x00000100       0x74 Libraria/atmega328mapping.o
 .debug_frame   0x00000174      0x214 Libraria/atmega328timer.o
 .debug_frame   0x00000388       0xe4 Libraria/atmega328twi.o
 .debug_frame   0x0000046c      0x180 Libraria/atmega328uart.o
 .debug_frame   0x000005ec       0x54 Libraria/buffer.o
 .debug_frame   0x00000640      0x184 Libraria/lcd2p.o
 .debug_frame   0x000007c4       0x44 main.o

.debug_str      0x00000000     0x13a5
 *(.debug_str)
 .debug_str     0x00000000      0x208 C:/Program Files (x86)/Atmel/Studio/7.0/Packs/atmel/ATmega_DFP/1.3.300/gcc/dev/atmega328/avr5/crtatmega328.o
 .debug_str     0x00000208      0xa96 Libraria/atmega328analog.o
                                0xb83 (size before relaxing)
 .debug_str     0x00000c9e       0x7a Libraria/atmega328interrupt.o
                                0x228 (size before relaxing)
 .debug_str     0x00000d18       0x56 Libraria/atmega328mapping.o
                                0xae3 (size before relaxing)
 .debug_str     0x00000d6e      0x27d Libraria/atmega328timer.o
                                0xd14 (size before relaxing)
 .debug_str     0x00000feb      0x105 Libraria/atmega328twi.o
                                0xba2 (size before relaxing)
 .debug_str     0x000010f0       0xe1 Libraria/atmega328uart.o
                                0xbb7 (size before relaxing)
 .debug_str     0x000011d1       0x47 Libraria/buffer.o
                                0x1f6 (size before relaxing)
 .debug_str     0x00001218      0x173 Libraria/lcd2p.o
                                0x399 (size before relaxing)
 .debug_str     0x0000138b       0x1a main.o
                                0x259 (size before relaxing)

.debug_loc      0x00000000     0x211b
 *(.debug_loc)
 .debug_loc     0x00000000      0x2c0 Libraria/atmega328analog.o
 .debug_loc     0x000002c0      0x142 Libraria/atmega328interrupt.o
 .debug_loc     0x00000402       0xfa Libraria/atmega328mapping.o
 .debug_loc     0x000004fc      0x5ae Libraria/atmega328timer.o
 .debug_loc     0x00000aaa      0x3e0 Libraria/atmega328twi.o
 .debug_loc     0x00000e8a      0x78b Libraria/atmega328uart.o
 .debug_loc     0x00001615      0x160 Libraria/buffer.o
 .debug_loc     0x00001775      0x95f Libraria/lcd2p.o
 .debug_loc     0x000020d4       0x47 main.o

.debug_macinfo
 *(.debug_macinfo)

.debug_weaknames
 *(.debug_weaknames)

.debug_funcnames
 *(.debug_funcnames)

.debug_typenames
 *(.debug_typenames)

.debug_varnames
 *(.debug_varnames)

.debug_pubtypes
 *(.debug_pubtypes)

.debug_ranges   0x00000000      0x298
 *(.debug_ranges)
 .debug_ranges  0x00000000       0x20 Libraria/atmega328analog.o
 .debug_ranges  0x00000020       0x28 Libraria/atmega328interrupt.o
 .debug_ranges  0x00000048       0x38 Libraria/atmega328mapping.o
 .debug_ranges  0x00000080       0xb0 Libraria/atmega328timer.o
 .debug_ranges  0x00000130       0x50 Libraria/atmega328twi.o
 .debug_ranges  0x00000180       0x58 Libraria/atmega328uart.o
 .debug_ranges  0x000001d8       0x28 Libraria/buffer.o
 .debug_ranges  0x00000200       0x80 Libraria/lcd2p.o
 .debug_ranges  0x00000280       0x18 main.o

.debug_macro
 *(.debug_macro)
OUTPUT(Atmega328.elf elf32-avr)
LOAD linker stubs
