Archive member included to satisfy reference by file (symbol)

c:/program files (x86)/atmel/studio/7.0/toolchain/avr8/avr8-gnu-toolchain/bin/../lib/gcc/avr/5.4.0/../../../../avr/lib/avr5\libm.a(addsf3.o)
                              Libraria/function.o (__subsf3)
c:/program files (x86)/atmel/studio/7.0/toolchain/avr8/avr8-gnu-toolchain/bin/../lib/gcc/avr/5.4.0/../../../../avr/lib/avr5\libm.a(addsf3x.o)
                              c:/program files (x86)/atmel/studio/7.0/toolchain/avr8/avr8-gnu-toolchain/bin/../lib/gcc/avr/5.4.0/../../../../avr/lib/avr5\libm.a(addsf3.o) (__addsf3x)
c:/program files (x86)/atmel/studio/7.0/toolchain/avr8/avr8-gnu-toolchain/bin/../lib/gcc/avr/5.4.0/../../../../avr/lib/avr5\libm.a(cmpsf2.o)
                              main.o (__nesf2)
c:/program files (x86)/atmel/studio/7.0/toolchain/avr8/avr8-gnu-toolchain/bin/../lib/gcc/avr/5.4.0/../../../../avr/lib/avr5\libm.a(divsf3.o)
                              Libraria/znpid.o (__divsf3)
c:/program files (x86)/atmel/studio/7.0/toolchain/avr8/avr8-gnu-toolchain/bin/../lib/gcc/avr/5.4.0/../../../../avr/lib/avr5\libm.a(divsf3x.o)
                              c:/program files (x86)/atmel/studio/7.0/toolchain/avr8/avr8-gnu-toolchain/bin/../lib/gcc/avr/5.4.0/../../../../avr/lib/avr5\libm.a(divsf3.o) (__divsf3x)
c:/program files (x86)/atmel/studio/7.0/toolchain/avr8/avr8-gnu-toolchain/bin/../lib/gcc/avr/5.4.0/../../../../avr/lib/avr5\libm.a(fixsfsi.o)
                              Libraria/function.o (__fixsfsi)
c:/program files (x86)/atmel/studio/7.0/toolchain/avr8/avr8-gnu-toolchain/bin/../lib/gcc/avr/5.4.0/../../../../avr/lib/avr5\libm.a(fixunssfsi.o)
                              Libraria/function.o (__fixunssfsi)
c:/program files (x86)/atmel/studio/7.0/toolchain/avr8/avr8-gnu-toolchain/bin/../lib/gcc/avr/5.4.0/../../../../avr/lib/avr5\libm.a(floatsisf.o)
                              Libraria/function.o (__floatunsisf)
c:/program files (x86)/atmel/studio/7.0/toolchain/avr8/avr8-gnu-toolchain/bin/../lib/gcc/avr/5.4.0/../../../../avr/lib/avr5\libm.a(fp_cmp.o)
                              c:/program files (x86)/atmel/studio/7.0/toolchain/avr8/avr8-gnu-toolchain/bin/../lib/gcc/avr/5.4.0/../../../../avr/lib/avr5\libm.a(cmpsf2.o) (__fp_cmp)
c:/program files (x86)/atmel/studio/7.0/toolchain/avr8/avr8-gnu-toolchain/bin/../lib/gcc/avr/5.4.0/../../../../avr/lib/avr5\libm.a(fp_inf.o)
                              c:/program files (x86)/atmel/studio/7.0/toolchain/avr8/avr8-gnu-toolchain/bin/../lib/gcc/avr/5.4.0/../../../../avr/lib/avr5\libm.a(addsf3x.o) (__fp_inf)
c:/program files (x86)/atmel/studio/7.0/toolchain/avr8/avr8-gnu-toolchain/bin/../lib/gcc/avr/5.4.0/../../../../avr/lib/avr5\libm.a(fp_nan.o)
                              c:/program files (x86)/atmel/studio/7.0/toolchain/avr8/avr8-gnu-toolchain/bin/../lib/gcc/avr/5.4.0/../../../../avr/lib/avr5\libm.a(addsf3x.o) (__fp_nan)
c:/program files (x86)/atmel/studio/7.0/toolchain/avr8/avr8-gnu-toolchain/bin/../lib/gcc/avr/5.4.0/../../../../avr/lib/avr5\libm.a(fp_pscA.o)
                              c:/program files (x86)/atmel/studio/7.0/toolchain/avr8/avr8-gnu-toolchain/bin/../lib/gcc/avr/5.4.0/../../../../avr/lib/avr5\libm.a(addsf3x.o) (__fp_pscA)
c:/program files (x86)/atmel/studio/7.0/toolchain/avr8/avr8-gnu-toolchain/bin/../lib/gcc/avr/5.4.0/../../../../avr/lib/avr5\libm.a(fp_pscB.o)
                              c:/program files (x86)/atmel/studio/7.0/toolchain/avr8/avr8-gnu-toolchain/bin/../lib/gcc/avr/5.4.0/../../../../avr/lib/avr5\libm.a(addsf3x.o) (__fp_pscB)
c:/program files (x86)/atmel/studio/7.0/toolchain/avr8/avr8-gnu-toolchain/bin/../lib/gcc/avr/5.4.0/../../../../avr/lib/avr5\libm.a(fp_round.o)
                              c:/program files (x86)/atmel/studio/7.0/toolchain/avr8/avr8-gnu-toolchain/bin/../lib/gcc/avr/5.4.0/../../../../avr/lib/avr5\libm.a(addsf3.o) (__fp_round)
c:/program files (x86)/atmel/studio/7.0/toolchain/avr8/avr8-gnu-toolchain/bin/../lib/gcc/avr/5.4.0/../../../../avr/lib/avr5\libm.a(fp_split3.o)
                              c:/program files (x86)/atmel/studio/7.0/toolchain/avr8/avr8-gnu-toolchain/bin/../lib/gcc/avr/5.4.0/../../../../avr/lib/avr5\libm.a(addsf3x.o) (__fp_split3)
c:/program files (x86)/atmel/studio/7.0/toolchain/avr8/avr8-gnu-toolchain/bin/../lib/gcc/avr/5.4.0/../../../../avr/lib/avr5\libm.a(fp_zero.o)
                              c:/program files (x86)/atmel/studio/7.0/toolchain/avr8/avr8-gnu-toolchain/bin/../lib/gcc/avr/5.4.0/../../../../avr/lib/avr5\libm.a(addsf3x.o) (__fp_zero)
c:/program files (x86)/atmel/studio/7.0/toolchain/avr8/avr8-gnu-toolchain/bin/../lib/gcc/avr/5.4.0/../../../../avr/lib/avr5\libm.a(gesf2.o)
                              Libraria/znpid.o (__gtsf2)
c:/program files (x86)/atmel/studio/7.0/toolchain/avr8/avr8-gnu-toolchain/bin/../lib/gcc/avr/5.4.0/../../../../avr/lib/avr5\libm.a(mulsf3.o)
                              Libraria/function.o (__mulsf3)
[...]
Memory Configuration

Name             Origin             Length             Attributes
text             0x00000000         0x00020000         xr
data             0x00800060         0x0000ffa0         rw !x
eeprom           0x00810000         0x00010000         rw !x
fuse             0x00820000         0x00000003         rw !x
lock             0x00830000         0x00000400         rw !x
signature        0x00840000         0x00000400         rw !x
user_signatures  0x00850000         0x00000400         rw !x
*default*        0x00000000         0xffffffff

Linker script and memory map

Address of section .data set to 0x800100
LOAD C:/Program Files (x86)/Atmel/Studio/7.0/Packs/atmel/ATmega_DFP/1.3.300/gcc/dev/atmega328/avr5/crtatmega328.o
LOAD Libraria/74hc595.o
LOAD Libraria/atcommands.o
LOAD Libraria/atmega328analog.o
LOAD Libraria/atmega328interrupt.o
LOAD Libraria/atmega328mapping.o
LOAD Libraria/atmega328timer.o
LOAD Libraria/atmega328twi.o
LOAD Libraria/atmega328uart.o
LOAD Libraria/atmegaeeprom.o
LOAD Libraria/buffer.o
LOAD Libraria/clock.o
LOAD Libraria/explode.o
LOAD Libraria/function.o
LOAD Libraria/hx711.o
LOAD Libraria/keypad.o
LOAD Libraria/lcd2p.o
LOAD Libraria/lfsm.o
LOAD Libraria/mm74c923.o
LOAD Libraria/pcf8563rtc.o
LOAD Libraria/rotenc.o
LOAD Libraria/watch.o
LOAD Libraria/znpid.o
LOAD main.o
START GROUP
LOAD c:/program files (x86)/atmel/studio/7.0/toolchain/avr8/avr8-gnu-toolchain/bin/../lib/gcc/avr/5.4.0/../../../../avr/lib/avr5\libm.a
END GROUP
START GROUP
LOAD c:/program files (x86)/atmel/studio/7.0/toolchain/avr8/avr8-gnu-toolchain/bin/../lib/gcc/avr/5.4.0/avr5\libgcc.a
LOAD c:/program files (x86)/atmel/studio/7.0/toolchain/avr8/avr8-gnu-toolchain/bin/../lib/gcc/avr/5.4.0/../../../../avr/lib/avr5\libm.a
LOAD c:/program files (x86)/atmel/studio/7.0/toolchain/avr8/avr8-gnu-toolchain/bin/../lib/gcc/avr/5.4.0/../../../../avr/lib/avr5\libc.a
LOAD C:/Program Files (x86)/Atmel/Studio/7.0/Packs/atmel/ATmega_DFP/1.3.300/gcc/dev/atmega328/avr5\libatmega328.a
END GROUP
                0x00000000                __TEXT_REGION_ORIGIN__ = DEFINED (__TEXT_REGION_ORIGIN__)?__TEXT_REGION_ORIGIN__:0x0
                0x00800060                __DATA_REGION_ORIGIN__ = DEFINED (__DATA_REGION_ORIGIN__)?__DATA_REGION_ORIGIN__:0x800060
                0x00020000                __TEXT_REGION_LENGTH__ = DEFINED (__TEXT_REGION_LENGTH__)?__TEXT_REGION_LENGTH__:0x20000
                0x0000ffa0                __DATA_REGION_LENGTH__ = DEFINED (__DATA_REGION_LENGTH__)?__DATA_REGION_LENGTH__:0xffa0
                0x00010000                __EEPROM_REGION_LENGTH__ = DEFINED (__EEPROM_REGION_LENGTH__)?__EEPROM_REGION_LENGTH__:0x10000
                [0x00000003]                __FUSE_REGION_LENGTH__ = DEFINED (__FUSE_REGION_LENGTH__)?__FUSE_REGION_LENGTH__:0x400
                0x00000400                __LOCK_REGION_LENGTH__ = DEFINED (__LOCK_REGION_LENGTH__)?__LOCK_REGION_LENGTH__:0x400
                0x00000400                __SIGNATURE_REGION_LENGTH__ = DEFINED (__SIGNATURE_REGION_LENGTH__)?__SIGNATURE_REGION_LENGTH__:0x400
                0x00000400                __USER_SIGNATURE_REGION_LENGTH__ = DEFINED (__USER_SIGNATURE_REGION_LENGTH__)?__USER_SIGNATURE_REGION_LENGTH__:0x400

.hash
 *(.hash)

.dynsym
 *(.dynsym)

.dynstr
 *(.dynstr)

.gnu.version
 *(.gnu.version)

.gnu.version_d
 *(.gnu.version_d)

.gnu.version_r
 *(.gnu.version_r)

.rel.init
 *(.rel.init)

.rela.init
 *(.rela.init)

.rel.text
 *(.rel.text)
 *(.rel.text.*)
 *(.rel.gnu.linkonce.t*)

.rela.text
 *(.rela.text)
 *(.rela.text.*)
 *(.rela.gnu.linkonce.t*)

.rel.fini
 *(.rel.fini)

.rela.fini
 *(.rela.fini)

.rel.rodata
 *(.rel.rodata)
 *(.rel.rodata.*)
 *(.rel.gnu.linkonce.r*)

.rela.rodata
 *(.rela.rodata)
 *(.rela.rodata.*)
 *(.rela.gnu.linkonce.r*)

.rel.data
 *(.rel.data)
 *(.rel.data.*)
 *(.rel.gnu.linkonce.d*)

.rela.data
 *(.rela.data)
 *(.rela.data.*)
 *(.rela.gnu.linkonce.d*)

.rel.ctors
 *(.rel.ctors)

.rela.ctors
 *(.rela.ctors)

.rel.dtors
 *(.rel.dtors)

.rela.dtors
 *(.rela.dtors)

.rel.got
 *(.rel.got)

.rela.got
 *(.rela.got)

.rel.bss
 *(.rel.bss)

.rela.bss
 *(.rela.bss)

.rel.plt
 *(.rel.plt)

.rela.plt
 *(.rela.plt)

.text           0x00000000     0x4a8c
 *(.vectors)
 .vectors       0x00000000       0x68 C:/Program Files (x86)/Atmel/Studio/7.0/Packs/atmel/ATmega_DFP/1.3.300/gcc/dev/atmega328/avr5/crtatmega328.o
                0x00000000                __vector_default
                0x00000000                __vectors
 *(.vectors)
 *(.progmem.gcc*)
 .progmem.gcc_sw_table.TIMER_COUNTER0enable
                0x00000068        0xe Libraria/atmega328timer.o
 .progmem.gcc_sw_table.TIMER_COUNTER1enable
                0x00000076       0x34 Libraria/atmega328timer.o
 .progmem.gcc_fplib
                0x000000aa       0x28 c:/program files (x86)/atmel/studio/7.0/toolchain/avr8/avr8-gnu-toolchain/bin/../lib/gcc/avr/5.4.0/../../../../avr/lib/avr5\libm.a(exp.o)
 .progmem.gcc_fplib
                0x000000d2       0x5a c:/program files (x86)/atmel/studio/7.0/toolchain/avr8/avr8-gnu-toolchain/bin/../lib/gcc/avr/5.4.0/../../../../avr/lib/avr5\libm.a(log.o)
                0x0000012c                . = ALIGN (0x2)
                0x0000012c                __trampolines_start = .
 *(.trampolines)
 .trampolines   0x0000012c        0x0 linker stubs
 *(.trampolines*)
                0x0000012c                __trampolines_end = .
 *libprintf_flt.a:*(.progmem.data)
 *libc.a:*(.progmem.data)
 *(.progmem*)
                0x0000012c                . = ALIGN (0x2)
 *(.jumptables)
 *(.jumptables*)
 *(.lowtext)
 *(.lowtext*)
                0x0000012c                __ctors_start = .
 *(.ctors)
                0x0000012c                __ctors_end = .
                0x0000012c                __dtors_start = .
 *(.dtors)
                0x0000012c                __dtors_end = .
 SORT(*)(.ctors)
 SORT(*)(.dtors)
 *(.init0)
 .init0         0x0000012c        0x0 C:/Program Files (x86)/Atmel/Studio/7.0/Packs/atmel/ATmega_DFP/1.3.300/gcc/dev/atmega328/avr5/crtatmega328.o
                0x0000012c                __init
 *(.init0)
 *(.init1)
 *(.init1)
 *(.init2)
 .init2         0x0000012c        0xc C:/Program Files (x86)/Atmel/Studio/7.0/Packs/atmel/ATmega_DFP/1.3.300/gcc/dev/atmega328/avr5/crtatmega328.o
 *(.init2)
 *(.init3)
 *(.init3)
 *(.init4)
 .init4         0x00000138       0x16 c:/program files (x86)/atmel/studio/7.0/toolchain/avr8/avr8-gnu-toolchain/bin/../lib/gcc/avr/5.4.0/avr5\libgcc.a(_copy_data.o)
                0x00000138                __do_copy_data
 .init4         0x0000014e       0x10 c:/program files (x86)/atmel/studio/7.0/toolchain/avr8/avr8-gnu-toolchain/bin/../lib/gcc/avr/5.4.0/avr5\libgcc.a(_clear_bss.o)
                0x0000014e                __do_clear_bss
 *(.init4)
 *(.init5)
 *(.init5)
 *(.init6)
 *(.init6)
 *(.init7)
 *(.init7)
 *(.init8)
 *(.init8)
 *(.init9)
 .init9         0x0000015e        0x8 C:/Program Files (x86)/Atmel/Studio/7.0/Packs/atmel/ATmega_DFP/1.3.300/gcc/dev/atmega328/avr5/crtatmega328.o
 *(.init9)
 *(.text)
 .text          0x00000166        0x4 C:/Program Files (x86)/Atmel/Studio/7.0/Packs/atmel/ATmega_DFP/1.3.300/gcc/dev/atmega328/avr5/crtatmega328.o
                0x00000166                __vector_22
                0x00000166                __vector_1
                0x00000166                __vector_24
                0x00000166                __vector_12
                0x00000166                __bad_interrupt
                0x00000166                __vector_6
                0x00000166                __vector_3
                0x00000166                __vector_23
                0x00000166                __vector_25
                0x00000166                __vector_13
                0x00000166                __vector_17
                0x00000166                __vector_7
                0x00000166                __vector_5
                0x00000166                __vector_4
                0x00000166                __vector_9
                0x00000166                __vector_2
                0x00000166                __vector_15
                0x00000166                __vector_8
                0x00000166                __vector_14
                0x00000166                __vector_10
                0x00000166                __vector_16
                0x00000166                __vector_20
                0x0000016a                . = ALIGN (0x2)
 *(.text.*)
 .text.HC595_shift_bit
                0x0000016a       0x8a Libraria/74hc595.o
                0x0000016a                HC595_shift_bit
 .text.HC595_shift_out
                0x000001f4       0x42 Libraria/74hc595.o
                0x000001f4                HC595_shift_out
 .text.HC595_shift_ibyte
                0x00000236       0x40 Libraria/74hc595.o
                0x00000236                HC595_shift_ibyte
 .text.HC595_shift_byte
                0x00000276       0x3c Libraria/74hc595.o
                0x00000276                HC595_shift_byte
 .text.HC595enable
                0x000002b2       0xb4 Libraria/74hc595.o
                0x000002b2                HC595enable
 .text.ANALOG_read
                0x00000366       0x22 Libraria/atmega328analog.o
                0x00000366                ANALOG_read
 .text.ANALOGenable
                0x00000388      0x250 Libraria/atmega328analog.o
                0x00000388                ANALOGenable
 .text.__vector_21
                0x000005d8      0x122 Libraria/atmega328analog.o
                0x000005d8                __vector_21
 .text.INTERRUPT_reset_status
                0x000006fa       0x4c Libraria/atmega328interrupt.o
                0x000006fa                INTERRUPT_reset_status
 .text.INTERRUPT_set
                0x00000746       0x8e Libraria/atmega328interrupt.o
                0x00000746                INTERRUPT_set
 .text.INTERRUPT_off
                0x000007d4       0x36 Libraria/atmega328interrupt.o
                0x000007d4                INTERRUPT_off
 .text.INTERRUPTenable
                0x0000080a       0x70 Libraria/atmega328interrupt.o
                0x0000080a                INTERRUPTenable
 .text.ReadHLByte
                0x0000087a       0x10 Libraria/atmega328mapping.o
                0x0000087a                ReadHLByte
 .text.ReadLHByte
                0x0000088a       0x10 Libraria/atmega328mapping.o
                0x0000088a                ReadLHByte
 .text.WriteHLByte
                0x0000089a        0x2 Libraria/atmega328mapping.o
                0x0000089a                WriteHLByte
 .text.WriteLHByte
                0x0000089c        0x8 Libraria/atmega328mapping.o
                0x0000089c                WriteLHByte
 .text.SwapByte
                0x000008a4        0x8 Libraria/atmega328mapping.o
                0x000008a4                SwapByte
 .text.ATMEGA328enable
                0x000008ac       0xfe Libraria/atmega328mapping.o
                0x000008ac                ATMEGA328enable
 .text.TIMER_COUNTER0_start
                0x000009aa       0xec Libraria/atmega328timer.o
                0x000009aa                TIMER_COUNTER0_start
 .text.TIMER_COUNTER0_compoutmodeA
                0x00000a96       0x80 Libraria/atmega328timer.o
                0x00000a96                TIMER_COUNTER0_compoutmodeA
 .text.TIMER_COUNTER0_compoutmodeB
                0x00000b16       0x80 Libraria/atmega328timer.o
                0x00000b16                TIMER_COUNTER0_compoutmodeB
 .text.TIMER_COUNTER0_compareA
                0x00000b96        0xc Libraria/atmega328timer.o
                0x00000b96                TIMER_COUNTER0_compareA
 .text.TIMER_COUNTER0_compareB
                0x00000ba2        0xc Libraria/atmega328timer.o
                0x00000ba2                TIMER_COUNTER0_compareB
 .text.TIMER_COUNTER0_stop
                0x00000bae       0x22 Libraria/atmega328timer.o
                0x00000bae                TIMER_COUNTER0_stop
 .text.TIMER_COUNTER1_compoutmodeA
                0x00000bd0       0x90 Libraria/atmega328timer.o
                0x00000bd0                TIMER_COUNTER1_compoutmodeA
 .text.TIMER_COUNTER1_compoutmodeB
                0x00000c60       0x90 Libraria/atmega328timer.o
                0x00000c60                TIMER_COUNTER1_compoutmodeB
 .text.TIMER_COUNTER1_compareA
                0x00000cf0       0x22 Libraria/atmega328timer.o
                0x00000cf0                TIMER_COUNTER1_compareA
 .text.TIMER_COUNTER1_compareB
                0x00000d12       0x22 Libraria/atmega328timer.o
                0x00000d12                TIMER_COUNTER1_compareB
 .text.TIMER_COUNTER1_start
                0x00000d34       0xdc Libraria/atmega328timer.o
                0x00000d34                TIMER_COUNTER1_start
 .text.TIMER_COUNTER1_stop
                0x00000e10       0x38 Libraria/atmega328timer.o
                0x00000e10                TIMER_COUNTER1_stop
 .text.TIMER_COUNTER2_start
                0x00000e48       0xcc Libraria/atmega328timer.o
                0x00000e48                TIMER_COUNTER2_start
 .text.TIMER_COUNTER2_compoutmodeA
                0x00000f14       0x90 Libraria/atmega328timer.o
                0x00000f14                TIMER_COUNTER2_compoutmodeA
 .text.TIMER_COUNTER2_compoutmodeB
                0x00000fa4       0x90 Libraria/atmega328timer.o
                0x00000fa4                TIMER_COUNTER2_compoutmodeB
 .text.TIMER_COUNTER2_compareA
                0x00001034       0x10 Libraria/atmega328timer.o
                0x00001034                TIMER_COUNTER2_compareA
 .text.TIMER_COUNTER2_compareB
                0x00001044       0x10 Libraria/atmega328timer.o
                0x00001044                TIMER_COUNTER2_compareB
 .text.TIMER_COUNTER2_stop
                0x00001054       0x1e Libraria/atmega328timer.o
                0x00001054                TIMER_COUNTER2_stop
 .text.TIMER_COUNTER0enable
                0x00001072      0x1a8 Libraria/atmega328timer.o
                0x00001072                TIMER_COUNTER0enable
 .text.TIMER_COUNTER1enable
                0x0000121a      0x22e Libraria/atmega328timer.o
                0x0000121a                TIMER_COUNTER1enable
 .text.TIMER_COUNTER2enable
                0x00001448      0x168 Libraria/atmega328timer.o
                0x00001448                TIMER_COUNTER2enable
 .text.TWI_status
                0x000015b0        0xe Libraria/atmega328twi.o
                0x000015b0                TWI_status
 .text.TWI_stop
                0x000015be       0x1a Libraria/atmega328twi.o
                0x000015be                TWI_stop
 .text.TWI_init
                0x000015d8       0xca Libraria/atmega328twi.o
                0x000015d8                TWI_init
 .text.TWIenable
                0x000016a2       0xc8 Libraria/atmega328twi.o
                0x000016a2                TWIenable
 .text.TWI_wait_twint
                0x0000176a       0x20 Libraria/atmega328twi.o
                0x0000176a                TWI_wait_twint
 .text.TWI_start
                0x0000178a       0x22 Libraria/atmega328twi.o
                0x0000178a                TWI_start
 .text.TWI_connect
                0x000017ac       0x3c Libraria/atmega328twi.o
                0x000017ac                TWI_connect
 .text.TWI_master_write
                0x000017e8       0x2c Libraria/atmega328twi.o
                0x000017e8                TWI_master_write
 .text.TWI_master_read
                0x00001814       0x36 Libraria/atmega328twi.o
                0x00001814                TWI_master_read
 .text.uart_gets
                0x0000184a       0x10 Libraria/atmega328uart.o
                0x0000184a                uart_gets
 .text.uart_rxflush
                0x0000185a       0x10 Libraria/atmega328uart.o
                0x0000185a                uart_rxflush
 .text.uart_read
                0x0000186a       0x16 Libraria/atmega328uart.o
                0x0000186a                uart_read
 .text.uart_getch
                0x00001880        0x6 Libraria/atmega328uart.o
                0x00001880                uart_getch
 .text.uart_write
                0x00001886       0x26 Libraria/atmega328uart.o
                0x00001886                uart_write
 .text.uart_putch
                0x000018ac        0x6 Libraria/atmega328uart.o
                0x000018ac                uart_putch
 .text.uart_puts
                0x000018b2       0x1e Libraria/atmega328uart.o
                0x000018b2                uart_puts
 .text.UARTenable
                0x000018d0      0x348 Libraria/atmega328uart.o
                0x000018d0                UARTenable
 .text.__vector_18
                0x00001c18       0x68 Libraria/atmega328uart.o
                0x00001c18                __vector_18
 .text.__vector_19
                0x00001c80       0x2e Libraria/atmega328uart.o
                0x00001c80                __vector_19
 .text.EEPROMenable
                0x00001cae       0x66 Libraria/atmegaeeprom.o
                0x00001cae                EEPROMenable
 .text.BUFF_push
                0x00001d14       0x36 Libraria/buffer.o
                0x00001d14                BUFF_push
 .text.BUFF_raw
                0x00001d4a        0x8 Libraria/buffer.o
                0x00001d4a                BUFF_raw
 .text.BUFF_flush
                0x00001d52       0x14 Libraria/buffer.o
                0x00001d52                BUFF_flush
 .text.BUFFenable
                0x00001d66       0x2e Libraria/buffer.o
                0x00001d66                BUFFenable
 .text.EXPLODEupdate
                0x00001d94       0x40 Libraria/explode.o
                0x00001d94                EXPLODEupdate
 .text.EXPLODEenable
                0x00001dd4       0x14 Libraria/explode.o
                0x00001dd4                EXPLODEenable
 .text.FUNCswap
                0x00001de8       0x42 Libraria/function.o
                0x00001de8                FUNCswap
 .text.FUNCcopy
                0x00001e2a       0x1c Libraria/function.o
                0x00001e2a                FUNCcopy
 .text.FUNCsqueeze
                0x00001e46       0x44 Libraria/function.o
                0x00001e46                FUNCsqueeze
 .text.FUNCshellsort
                0x00001e8a      0x14c Libraria/function.o
                0x00001e8a                FUNCshellsort
 .text.FUNCpmax
                0x00001fd6        0xa Libraria/function.o
                0x00001fd6                FUNCpmax
 .text.FUNCgcd  0x00001fe0       0x1e Libraria/function.o
                0x00001fe0                FUNCgcd
 .text.FUNCstrToInt
                0x00001ffe       0x48 Libraria/function.o
                0x00001ffe                FUNCstrToInt
 .text.FUNCfilter
                0x00002046        0x4 Libraria/function.o
                0x00002046                FUNCfilter
 .text.FUNCticks
                0x0000204a       0x14 Libraria/function.o
                0x0000204a                FUNCticks
 .text.FUNCtwocomptoint8bit
                0x0000205e       0x1a Libraria/function.o
                0x0000205e                FUNCtwocomptoint8bit
 .text.FUNCtwocomptoint10bit
                0x00002078       0x18 Libraria/function.o
                0x00002078                FUNCtwocomptoint10bit
 .text.FUNCtwocomptointnbit
                0x00002090       0x30 Libraria/function.o
                0x00002090                FUNCtwocomptointnbit
 .text.FUNCdec2bcd
                0x000020c0       0x26 Libraria/function.o
                0x000020c0                FUNCdec2bcd
 .text.FUNCbcd2dec
                0x000020e6       0x16 Libraria/function.o
                0x000020e6                FUNCbcd2dec
 .text.FUNCresizestr
                0x000020fc       0x5a Libraria/function.o
                0x000020fc                FUNCresizestr
 .text.FUNCtrimmer
                0x00002156       0x82 Libraria/function.o
                0x00002156                FUNCtrimmer
 .text.StringLength
                0x000021d8       0x1e Libraria/function.o
                0x000021d8                StringLength
 .text.FUNCtrim
                0x000021f6       0x38 Libraria/function.o
                0x000021f6                FUNCtrim
 .text.Reverse  0x0000222e       0x3c Libraria/function.o
                0x0000222e                Reverse
 .text.FUNCi32toa
                0x0000226a       0xb8 Libraria/function.o
                0x0000226a                FUNCi32toa
 .text.FUNCi16toa
                0x00002322       0x74 Libraria/function.o
                0x00002322                FUNCi16toa
 .text.FUNCui16toa
                0x00002396       0xd6 Libraria/function.o
                0x00002396                FUNCui16toa
 .text.FUNCbcd2bin
                0x0000246c       0x16 Libraria/function.o
                0x0000246c                FUNCbcd2bin
 .text.FUNCbin2bcd
                0x00002482       0x42 Libraria/function.o
                0x00002482                FUNCbin2bcd
 .text.FUNCgcd1
                0x000024c4       0xa2 Libraria/function.o
                0x000024c4                FUNCgcd1
 .text.FUNCpincheck
                0x00002566       0x10 Libraria/function.o
                0x00002566                FUNCpincheck
 .text.FUNCprint_binary
                0x00002576       0x56 Libraria/function.o
                0x00002576                FUNCprint_binary
 .text.FUNCdectohex
                0x000025cc       0xa6 Libraria/function.o
                0x000025cc                FUNCdectohex
 .text.FUNCSwapByte
                0x00002672        0x8 Libraria/function.o
                0x00002672                FUNCSwapByte
 .text.FUNCstrtovec
                0x0000267a       0x18 Libraria/function.o
                0x0000267a                FUNCstrtovec
 .text.FUNCmayia
                0x00002692       0x6a Libraria/function.o
                0x00002692                FUNCmayia
 .text.FUNCprint
                0x000026fc       0x36 Libraria/function.o
                0x000026fc                FUNCprint
 .text.FUNCenable
                0x00002732      0x118 Libraria/function.o
                0x00002732                FUNCenable
 .text.FUNCintinvstr
                0x0000284a       0xb4 Libraria/function.o
                0x0000284a                FUNCintinvstr
 .text.FUNCftoa
                0x000028fe      0x164 Libraria/function.o
                0x000028fe                FUNCftoa
 .text.LCD0_strobe
                0x00002a62       0x1e Libraria/lcd2p.o
                0x00002a62                LCD0_strobe
 .text.LCD0_write
                0x00002a80      0x1a0 Libraria/lcd2p.o
                0x00002a80                LCD0_write
 .text.LCD0_clear
                0x00002c20       0x18 Libraria/lcd2p.o
                0x00002c20                LCD0_clear
 .text.LCD0_read
                0x00002c38      0x112 Libraria/lcd2p.o
                0x00002c38                LCD0_read
 .text.LCD0_BF  0x00002d4a       0x22 Libraria/lcd2p.o
                0x00002d4a                LCD0_BF
 .text.LCD0_putch
                0x00002d6c        0xe Libraria/lcd2p.o
                0x00002d6c                LCD0_putch
 .text.LCD0_string
                0x00002d7a       0x1e Libraria/lcd2p.o
                0x00002d7a                LCD0_string
 .text.LCD0_string_size
                0x00002d98       0x56 Libraria/lcd2p.o
                0x00002d98                LCD0_string_size
 .text.LCD0_hspace
                0x00002dee       0x16 Libraria/lcd2p.o
                0x00002dee                LCD0_hspace
 .text.LCD0_gotoxy
                0x00002e04       0x5e Libraria/lcd2p.o
                0x00002e04                LCD0_gotoxy
 .text.LCD0_inic
                0x00002e62      0x100 Libraria/lcd2p.o
                0x00002e62                LCD0_inic
 .text.LCD0enable
                0x00002f62       0xe6 Libraria/lcd2p.o
                0x00002f62                LCD0enable
 .text.LCD0_reboot
                0x00003048       0x24 Libraria/lcd2p.o
                0x00003048                LCD0_reboot
 .text.LCD0_getch
                0x0000306c       0x16 Libraria/lcd2p.o
                0x0000306c                LCD0_getch
 .text.PORTINIT
                0x00003082       0x44 main.o
                0x00003082                PORTINIT
 .text.main     0x000030c6      0x7f8 main.o
                0x000030c6                main
 .text.exponencial
                0x000038be       0xe0 main.o
                0x000038be                exponencial
 .text.__vector_11
                0x0000399e      0x13c main.o
                0x0000399e                __vector_11
 .text.avr-libc.fplib
                0x00003ada        0xe c:/program files (x86)/atmel/studio/7.0/toolchain/avr8/avr8-gnu-toolchain/bin/../lib/gcc/avr/5.4.0/../../../../avr/lib/avr5\libm.a(addsf3.o)
                0x00003ada                __subsf3
                0x00003adc                __addsf3
 .text.avr-libc.fplib
                0x00003ae8       0xcc c:/program files (x86)/atmel/studio/7.0/toolchain/avr8/avr8-gnu-toolchain/bin/../lib/gcc/avr/5.4.0/../../../../avr/lib/avr5\libm.a(addsf3x.o)
                0x00003b0a                __addsf3x
 .text.avr-libc.fplib
                0x00003bb4        0xa c:/program files (x86)/atmel/studio/7.0/toolchain/avr8/avr8-gnu-toolchain/bin/../lib/gcc/avr/5.4.0/../../../../avr/lib/avr5\libm.a(cmpsf2.o)
                0x00003bb4                __nesf2
                0x00003bb4                __eqsf2
                0x00003bb4                __cmpsf2
                0x00003bb4                __ltsf2
                0x00003bb4                __lesf2
 .text.avr-libc.fplib
                0x00003bbe        0x8 c:/program files (x86)/atmel/studio/7.0/toolchain/avr8/avr8-gnu-toolchain/bin/../lib/gcc/avr/5.4.0/../../../../avr/lib/avr5\libm.a(divsf3.o)
                0x00003bbe                __divsf3
 .text.avr-libc.fplib
                0x00003bc6       0xdc c:/program files (x86)/atmel/studio/7.0/toolchain/avr8/avr8-gnu-toolchain/bin/../lib/gcc/avr/5.4.0/../../../../avr/lib/avr5\libm.a(divsf3x.o)
                0x00003be6                __divsf3x
                0x00003bec                __divsf3_pse
 .text.avr-libc.fplib
                0x00003ca2        0xe c:/program files (x86)/atmel/studio/7.0/toolchain/avr8/avr8-gnu-toolchain/bin/../lib/gcc/avr/5.4.0/../../../../avr/lib/avr5\libm.a(fixsfsi.o)
                0x00003ca2                __fixsfsi
 .text.avr-libc.fplib
                0x00003cb0       0x5e c:/program files (x86)/atmel/studio/7.0/toolchain/avr8/avr8-gnu-toolchain/bin/../lib/gcc/avr/5.4.0/../../../../avr/lib/avr5\libm.a(fixunssfsi.o)
                0x00003cb0                __fixunssfsi
 .text.avr-libc.fplib
                0x00003d0e       0x7a c:/program files (x86)/atmel/studio/7.0/toolchain/avr8/avr8-gnu-toolchain/bin/../lib/gcc/avr/5.4.0/../../../../avr/lib/avr5\libm.a(floatsisf.o)
                0x00003d0e                __floatunsisf
                0x00003d12                __floatsisf
 .text.avr-libc.fplib
                0x00003d88       0x48 c:/program files (x86)/atmel/studio/7.0/toolchain/avr8/avr8-gnu-toolchain/bin/../lib/gcc/avr/5.4.0/../../../../avr/lib/avr5\libm.a(fp_cmp.o)
                0x00003d88                __fp_cmp
 .text.avr-libc.fplib
                0x00003dd0        0xc c:/program files (x86)/atmel/studio/7.0/toolchain/avr8/avr8-gnu-toolchain/bin/../lib/gcc/avr/5.4.0/../../../../avr/lib/avr5\libm.a(fp_inf.o)
                0x00003dd0                __fp_inf
 .text.avr-libc.fplib
                0x00003ddc        0x6 c:/program files (x86)/atmel/studio/7.0/toolchain/avr8/avr8-gnu-toolchain/bin/../lib/gcc/avr/5.4.0/../../../../avr/lib/avr5\libm.a(fp_nan.o)
                0x00003ddc                __fp_nan
 .text.avr-libc.fplib
                0x00003de2        0xe c:/program files (x86)/atmel/studio/7.0/toolchain/avr8/avr8-gnu-toolchain/bin/../lib/gcc/avr/5.4.0/../../../../avr/lib/avr5\libm.a(fp_pscA.o)
                0x00003de2                __fp_pscA
 .text.avr-libc.fplib
                0x00003df0        0xe c:/program files (x86)/atmel/studio/7.0/toolchain/avr8/avr8-gnu-toolchain/bin/../lib/gcc/avr/5.4.0/../../../../avr/lib/avr5\libm.a(fp_pscB.o)
                0x00003df0                __fp_pscB
 .text.avr-libc.fplib
                0x00003dfe       0x22 c:/program files (x86)/atmel/studio/7.0/toolchain/avr8/avr8-gnu-toolchain/bin/../lib/gcc/avr/5.4.0/../../../../avr/lib/avr5\libm.a(fp_round.o)
                0x00003dfe                __fp_round
 .text.avr-libc.fplib
                0x00003e20       0x44 c:/program files (x86)/atmel/studio/7.0/toolchain/avr8/avr8-gnu-toolchain/bin/../lib/gcc/avr/5.4.0/../../../../avr/lib/avr5\libm.a(fp_split3.o)
                0x00003e20                __fp_split3
                0x00003e30                __fp_splitA
 .text.avr-libc.fplib
                0x00003e64        0xe c:/program files (x86)/atmel/studio/7.0/toolchain/avr8/avr8-gnu-toolchain/bin/../lib/gcc/avr/5.4.0/../../../../avr/lib/avr5\libm.a(fp_zero.o)
                0x00003e64                __fp_zero
                0x00003e66                __fp_szero
 .text.avr-libc.fplib
                0x00003e72        0xa c:/program files (x86)/atmel/studio/7.0/toolchain/avr8/avr8-gnu-toolchain/bin/../lib/gcc/avr/5.4.0/../../../../avr/lib/avr5\libm.a(gesf2.o)
                0x00003e72                __gesf2
                0x00003e72                __gtsf2
 .text.avr-libc.fplib
                0x00003e7c        0x8 c:/program files (x86)/atmel/studio/7.0/toolchain/avr8/avr8-gnu-toolchain/bin/../lib/gcc/avr/5.4.0/../../../../avr/lib/avr5\libm.a(mulsf3.o)
                0x00003e7c                __mulsf3
 .text.avr-libc.fplib
                0x00003e84       0xd2 c:/program files (x86)/atmel/studio/7.0/toolchain/avr8/avr8-gnu-toolchain/bin/../lib/gcc/avr/5.4.0/../../../../avr/lib/avr5\libm.a(mulsf3x.o)
                0x00003ea2                __mulsf3x
                0x00003ea8                __mulsf3_pse
 .text.avr-libc.fplib
                0x00003f56       0xa0 c:/program files (x86)/atmel/studio/7.0/toolchain/avr8/avr8-gnu-toolchain/bin/../lib/gcc/avr/5.4.0/../../../../avr/lib/avr5\libm.a(pow.o)
                0x00003f56                pow
 .text.avr-libc.fplib
                0x00003ff6       0x74 c:/program files (x86)/atmel/studio/7.0/toolchain/avr8/avr8-gnu-toolchain/bin/../lib/gcc/avr/5.4.0/../../../../avr/lib/avr5\libm.a(exp.o)
                0x00004006                exp
 .text.avr-libc.fplib
                0x0000406a       0x4e c:/program files (x86)/atmel/studio/7.0/toolchain/avr8/avr8-gnu-toolchain/bin/../lib/gcc/avr/5.4.0/../../../../avr/lib/avr5\libm.a(fp_powser.o)
                0x0000406a                __fp_powser
 .text.avr-libc.fplib
                0x000040b8       0x10 c:/program files (x86)/atmel/studio/7.0/toolchain/avr8/avr8-gnu-toolchain/bin/../lib/gcc/avr/5.4.0/../../../../avr/lib/avr5\libm.a(inverse.o)
                0x000040b8                inverse
 .text.avr-libc.fplib
                0x000040c8       0x74 c:/program files (x86)/atmel/studio/7.0/toolchain/avr8/avr8-gnu-toolchain/bin/../lib/gcc/avr/5.4.0/../../../../avr/lib/avr5\libm.a(ldexp.o)
                0x000040d0                ldexp
 .text.avr-libc.fplib
                0x0000413c       0xa0 c:/program files (x86)/atmel/studio/7.0/toolchain/avr8/avr8-gnu-toolchain/bin/../lib/gcc/avr/5.4.0/../../../../avr/lib/avr5\libm.a(log.o)
                0x0000414c                log
 .text.avr-libc.fplib
                0x000041dc       0x68 c:/program files (x86)/atmel/studio/7.0/toolchain/avr8/avr8-gnu-toolchain/bin/../lib/gcc/avr/5.4.0/../../../../avr/lib/avr5\libm.a(modf.o)
                0x000041dc                modf
                0x000041dc                modff
 .text.avr-libc.fplib
                0x00004244       0x1c c:/program files (x86)/atmel/studio/7.0/toolchain/avr8/avr8-gnu-toolchain/bin/../lib/gcc/avr/5.4.0/../../../../avr/lib/avr5\libm.a(fp_mpack.o)
                0x00004244                __fp_mpack
                0x00004248                __fp_mpack_finite
 .text.libgcc.mul
                0x00004260       0x20 c:/program files (x86)/atmel/studio/7.0/toolchain/avr8/avr8-gnu-toolchain/bin/../lib/gcc/avr/5.4.0/avr5\libgcc.a(_mulsi3.o)
                0x00004260                __mulsi3
 .text.libgcc.div
                0x00004280       0x28 c:/program files (x86)/atmel/studio/7.0/toolchain/avr8/avr8-gnu-toolchain/bin/../lib/gcc/avr/5.4.0/avr5\libgcc.a(_udivmodhi4.o)
                0x00004280                __udivmodhi4
 .text.libgcc.div
                0x000042a8       0x28 c:/program files (x86)/atmel/studio/7.0/toolchain/avr8/avr8-gnu-toolchain/bin/../lib/gcc/avr/5.4.0/avr5\libgcc.a(_divmodhi4.o)
                0x000042a8                _div
                0x000042a8                __divmodhi4
 .text.libgcc.div
                0x000042d0       0x44 c:/program files (x86)/atmel/studio/7.0/toolchain/avr8/avr8-gnu-toolchain/bin/../lib/gcc/avr/5.4.0/avr5\libgcc.a(_udivmodsi4.o)
                0x000042d0                __udivmodsi4
 .text.libgcc.div
                0x00004314       0x2e c:/program files (x86)/atmel/studio/7.0/toolchain/avr8/avr8-gnu-toolchain/bin/../lib/gcc/avr/5.4.0/avr5\libgcc.a(_divmodsi4.o)
                0x00004314                __divmodsi4
 .text.libgcc.div
                0x00004342       0x10 c:/program files (x86)/atmel/studio/7.0/toolchain/avr8/avr8-gnu-toolchain/bin/../lib/gcc/avr/5.4.0/avr5\libgcc.a(_negsi2.o)
                0x00004342                __negsi2
 .text.libgcc   0x00004352        0xc c:/program files (x86)/atmel/studio/7.0/toolchain/avr8/avr8-gnu-toolchain/bin/../lib/gcc/avr/5.4.0/avr5\libgcc.a(_tablejump2.o)
                0x00004352                __tablejump2__
 .text.libgcc.mul
                0x0000435e       0x1e c:/program files (x86)/atmel/studio/7.0/toolchain/avr8/avr8-gnu-toolchain/bin/../lib/gcc/avr/5.4.0/avr5\libgcc.a(_umulhisi3.o)
                0x0000435e                __umulhisi3
 .text.libgcc.mul
                0x0000437c       0x16 c:/program files (x86)/atmel/studio/7.0/toolchain/avr8/avr8-gnu-toolchain/bin/../lib/gcc/avr/5.4.0/avr5\libgcc.a(_muluhisi3.o)
                0x0000437c                __muluhisi3
 .text.avr-libc
                0x00004392       0x12 c:/program files (x86)/atmel/studio/7.0/toolchain/avr8/avr8-gnu-toolchain/bin/../lib/gcc/avr/5.4.0/../../../../avr/lib/avr5\libc.a(strcmp.o)
                0x00004392                strcmp
 .text.avr-libc
                0x000043a4        0xe c:/program files (x86)/atmel/studio/7.0/toolchain/avr8/avr8-gnu-toolchain/bin/../lib/gcc/avr/5.4.0/../../../../avr/lib/avr5\libc.a(strcpy.o)
                0x000043a4                strcpy
 .text.avr-libc
                0x000043b2       0x58 c:/program files (x86)/atmel/studio/7.0/toolchain/avr8/avr8-gnu-toolchain/bin/../lib/gcc/avr/5.4.0/../../../../avr/lib/avr5\libc.a(vsnprintf.o)
                0x000043b2                vsnprintf
 .text.avr-libc
                0x0000440a      0x3c2 c:/program files (x86)/atmel/studio/7.0/toolchain/avr8/avr8-gnu-toolchain/bin/../lib/gcc/avr/5.4.0/../../../../avr/lib/avr5\libc.a(vfprintf_std.o)
                0x0000440a                vfprintf
 .text.avr-libc
                0x000047cc       0x16 c:/program files (x86)/atmel/studio/7.0/toolchain/avr8/avr8-gnu-toolchain/bin/../lib/gcc/avr/5.4.0/../../../../avr/lib/avr5\libc.a(strnlen_P.o)
                0x000047cc                strnlen_P
 .text.avr-libc
                0x000047e2       0x16 c:/program files (x86)/atmel/studio/7.0/toolchain/avr8/avr8-gnu-toolchain/bin/../lib/gcc/avr/5.4.0/../../../../avr/lib/avr5\libc.a(strnlen.o)
                0x000047e2                strnlen
 .text.avr-libc
                0x000047f8       0x78 c:/program files (x86)/atmel/studio/7.0/toolchain/avr8/avr8-gnu-toolchain/bin/../lib/gcc/avr/5.4.0/../../../../avr/lib/avr5\libc.a(fputc.o)
                0x000047f8                fputc
 .text.avr-libc
                0x00004870       0xbc c:/program files (x86)/atmel/studio/7.0/toolchain/avr8/avr8-gnu-toolchain/bin/../lib/gcc/avr/5.4.0/../../../../avr/lib/avr5\libc.a(ultoa_invert.o)
                0x00004870                __ultoa_invert
 .text.avr-libc
                0x0000492c       0x20 C:/Program Files (x86)/Atmel/Studio/7.0/Packs/atmel/ATmega_DFP/1.3.300/gcc/dev/atmega328/avr5\libatmega328.a(eerd_block.o)
                0x0000492c                eeprom_read_block
                0x00004930                eeprom_read_blraw
 .text.avr-libc
                0x0000494c       0x10 C:/Program Files (x86)/Atmel/Studio/7.0/Packs/atmel/ATmega_DFP/1.3.300/gcc/dev/atmega328/avr5\libatmega328.a(eerd_byte.o)
                0x0000494c                eeprom_read_byte
 .text.avr-libc
                0x0000495c        0xc C:/Program Files (x86)/Atmel/Studio/7.0/Packs/atmel/ATmega_DFP/1.3.300/gcc/dev/atmega328/avr5\libatmega328.a(eerd_word.o)
                0x0000495c                eeprom_read_word
 .text.avr-libc
                0x00004968       0x20 C:/Program Files (x86)/Atmel/Studio/7.0/Packs/atmel/ATmega_DFP/1.3.300/gcc/dev/atmega328/avr5\libatmega328.a(eeupd_block.o)
                0x00004968                eeprom_update_block
 .text.avr-libc
                0x00004988       0x24 C:/Program Files (x86)/Atmel/Studio/7.0/Packs/atmel/ATmega_DFP/1.3.300/gcc/dev/atmega328/avr5\libatmega328.a(eeupd_byte.o)
                0x00004988                eeprom_update_byte
                0x0000498a                eeprom_update_r18
 .text.avr-libc
                0x000049ac       0x18 C:/Program Files (x86)/Atmel/Studio/7.0/Packs/atmel/ATmega_DFP/1.3.300/gcc/dev/atmega328/avr5\libatmega328.a(eeupd_dword.o)
                0x000049ac                eeprom_update_float
                0x000049ac                eeprom_update_dword
 .text.avr-libc
                0x000049c4        0xc C:/Program Files (x86)/Atmel/Studio/7.0/Packs/atmel/ATmega_DFP/1.3.300/gcc/dev/atmega328/avr5\libatmega328.a(eeupd_word.o)
                0x000049c4                eeprom_update_word
 .text.avr-libc
                0x000049d0       0x14 C:/Program Files (x86)/Atmel/Studio/7.0/Packs/atmel/ATmega_DFP/1.3.300/gcc/dev/atmega328/avr5\libatmega328.a(eewr_block.o)
                0x000049d0                eeprom_write_block
 .text.avr-libc
                0x000049e4       0x1c C:/Program Files (x86)/Atmel/Studio/7.0/Packs/atmel/ATmega_DFP/1.3.300/gcc/dev/atmega328/avr5\libatmega328.a(eewr_byte.o)
                0x000049e4                eeprom_write_byte
                0x000049e6                eeprom_write_r18
 .text.avr-libc
                0x00004a00       0x10 C:/Program Files (x86)/Atmel/Studio/7.0/Packs/atmel/ATmega_DFP/1.3.300/gcc/dev/atmega328/avr5\libatmega328.a(eewr_dword.o)
                0x00004a00                eeprom_write_dword
                0x00004a00                eeprom_write_float
 .text.avr-libc
                0x00004a10        0xa C:/Program Files (x86)/Atmel/Studio/7.0/Packs/atmel/ATmega_DFP/1.3.300/gcc/dev/atmega328/avr5\libatmega328.a(eewr_word.o)
                0x00004a10                eeprom_write_word
 .text.libgcc.prologue
                0x00004a1a       0x38 c:/program files (x86)/atmel/studio/7.0/toolchain/avr8/avr8-gnu-toolchain/bin/../lib/gcc/avr/5.4.0/avr5\libgcc.a(_prologue.o)
                0x00004a1a                __prologue_saves__
 .text.libgcc.prologue
                0x00004a52       0x36 c:/program files (x86)/atmel/studio/7.0/toolchain/avr8/avr8-gnu-toolchain/bin/../lib/gcc/avr/5.4.0/avr5\libgcc.a(_epilogue.o)
                0x00004a52                __epilogue_restores__
                0x00004a88                . = ALIGN (0x2)
 *(.fini9)
 .fini9         0x00004a88        0x0 c:/program files (x86)/atmel/studio/7.0/toolchain/avr8/avr8-gnu-toolchain/bin/../lib/gcc/avr/5.4.0/avr5\libgcc.a(_exit.o)
                0x00004a88                _exit
                0x00004a88                exit
 *(.fini9)
 *(.fini8)
 *(.fini8)
 *(.fini7)
 *(.fini7)
 *(.fini6)
 *(.fini6)
 *(.fini5)
 *(.fini5)
 *(.fini4)
 *(.fini4)
 *(.fini3)
 *(.fini3)
 *(.fini2)
 *(.fini2)
 *(.fini1)
 *(.fini1)
 *(.fini0)
 .fini0         0x00004a88        0x4 c:/program files (x86)/atmel/studio/7.0/toolchain/avr8/avr8-gnu-toolchain/bin/../lib/gcc/avr/5.4.0/avr5\libgcc.a(_exit.o)
 *(.fini0)
                0x00004a8c                _etext = .

.data           0x00800100       0x78 load address 0x00004a8c
                0x00800100                PROVIDE (__data_start, .)
 *(.data)
 *(.data*)
 *(.gnu.linkonce.d*)
 *(.rodata)
 *(.rodata*)
 .rodata.str1.1
                0x00800100       0x78 main.o
 *(.gnu.linkonce.r*)
                0x00800178                . = ALIGN (0x2)
                0x00800178                _edata = .
                0x00800178                PROVIDE (__data_end, .)

.bss            0x00800178      0x3aa
                0x00800178                PROVIDE (__bss_start, .)
 *(.bss)
 *(.bss*)
 .bss.adc_n_sample
                0x00800178        0x1 Libraria/atmega328analog.o
 .bss.adc_tmp   0x00800179        0x2 Libraria/atmega328analog.o
 .bss.adc_sample
                0x0080017b        0x2 Libraria/atmega328analog.o
 .bss.ADC_SELECTOR
                0x0080017d        0x2 Libraria/atmega328analog.o
 .bss.ADC_N_CHANNEL
                0x0080017f        0x2 Libraria/atmega328analog.o
 .bss.ADC_CHANNEL_GAIN
                0x00800181       0x10 Libraria/atmega328analog.o
 .bss.ADC_VALUE
                0x00800191       0x10 Libraria/atmega328analog.o
 .bss.timer2_state
                0x008001a1        0x1 Libraria/atmega328timer.o
 .bss.timer1_state
                0x008001a2        0x1 Libraria/atmega328timer.o
 .bss.timer0_state
                0x008001a3        0x1 Libraria/atmega328timer.o
 .bss.FUNCstr   0x008001a4       0x60 Libraria/function.o
 .bss.uartreceive
                0x00800204        0x2 main.o
                0x00800204                uartreceive
 *(COMMON)
 COMMON         0x00800206        0x7 Libraria/74hc595.o
                0x00800206                hc595_DDR
                0x00800208                hc595_PORT
                0x0080020a                HC595_datapin
                0x0080020b                HC595_outpin
                0x0080020c                HC595_clkpin
 COMMON         0x0080020d       0x3e Libraria/atmega328analog.o
                0x0080020d                analogmega328
 COMMON         0x0080024b       0x3e Libraria/atmega328interrupt.o
                0x0080024b                interruptmega328
 COMMON         0x00800289       0x3e Libraria/atmega328mapping.o
                0x00800289                ret
 COMMON         0x008002c7       0x3e Libraria/atmega328timer.o
                0x008002c7                timermega328
 COMMON         0x00800305       0x3e Libraria/atmega328twi.o
                0x00800305                twimega328
 COMMON         0x00800343       0x5d Libraria/atmega328uart.o
                0x00800343                UART_LastRxError
                0x00800344                rxbuff
                0x00800350                uartmega328
                0x0080038e                UART_Rx
                0x0080038f                UART_RxBuf
 COMMON         0x008003a0        0xd Libraria/lcd2p.o
                0x008003a0                lcd0cmd_PORT
                0x008003a2                lcd0cmd_DDR
                0x008003a4                lcd0data_PIN
                0x008003a6                lcd0_detect
                0x008003a7                lcd0cmd_PIN
                0x008003a9                lcd0data_DDR
                0x008003ab                lcd0data_PORT
 COMMON         0x008003ad       0x6d Libraria/mm74c923.o
                0x008003ad                mm74c923_mem
                0x008003ae                MM74C923_KEY_CODE_INDEX
                0x008003af                mm74c923_PIN
                0x008003b1                MM74C923_KEY_BUFFER_INDEX
                0x008003b2                mm74c923_PORT
                0x008003b4                mm74c923_tmp
                0x008003b5                MM74C923_pointer
                0x008003b7                func
                0x008003f9                vari
                0x00800407                mm74c923_DDR
                0x00800409                MM74C923_KEY_BUFFER
 COMMON         0x0080041a      0x108 main.o
                0x0080041a                lcd
                0x00800430                j
                0x00800431                LCDline0
                0x00800443                sh
                0x0080044b                button
                0x00800459                i
                0x0080045a                uartrcv
                0x0080046a                d
                0x0080046e                tc1
                0x0080047a                result
                0x0080048a                LCDline1
                0x0080049c                uart
                0x008004b2                e
                0x008004b6                LCD
                0x008004c6                m
                0x00800504                uartmsg
                0x00800514                disp
                0x00800522                PROVIDE (__bss_end, .)
                0x00004a8c                __data_load_start = LOADADDR (.data)
                0x00004b04                __data_load_end = (__data_load_start + SIZEOF (.data))

.noinit         0x00800522        0x0
                [!provide]                PROVIDE (__noinit_start, .)
 *(.noinit*)
                [!provide]                PROVIDE (__noinit_end, .)
                0x00800522                _end = .
                [!provide]                PROVIDE (__heap_start, .)

.eeprom         0x00810000        0x0
 *(.eeprom*)
                0x00810000                __eeprom_end = .

.fuse
 *(.fuse)
 *(.lfuse)
 *(.hfuse)
 *(.efuse)

.lock
 *(.lock*)

.signature
 *(.signature*)

.user_signatures
 *(.user_signatures*)

.stab
 *(.stab)

.stabstr
 *(.stabstr)

.stab.excl
 *(.stab.excl)

.stab.exclstr
 *(.stab.exclstr)

.stab.index
 *(.stab.index)

.stab.indexstr
 *(.stab.indexstr)

.comment        0x00000000       0x5c
 *(.comment)
 .comment       0x00000000       0x30 Libraria/74hc595.o
                                 0x31 (size before relaxing)
 .comment       0x00000030       0x31 Libraria/atmega328analog.o
 .comment       0x00000030       0x31 Libraria/atmega328interrupt.o
 .comment       0x00000030       0x31 Libraria/atmega328mapping.o
 .comment       0x00000030       0x31 Libraria/atmega328timer.o
 .comment       0x00000030       0x31 Libraria/atmega328twi.o
 .comment       0x00000030       0x31 Libraria/atmega328uart.o
 .comment       0x00000030       0x31 Libraria/atmegaeeprom.o
 .comment       0x00000030       0x31 Libraria/buffer.o
 .comment       0x00000030       0x31 Libraria/explode.o
 .comment       0x00000030       0x31 Libraria/function.o
 .comment       0x00000030       0x31 Libraria/lcd2p.o
 .comment       0x00000030       0x31 Libraria/mm74c923.o
 .comment       0x00000030       0x31 main.o
 .comment       0x00000030       0x31 c:/program files (x86)/atmel/studio/7.0/toolchain/avr8/avr8-gnu-toolchain/bin/../lib/gcc/avr/5.4.0/../../../../avr/lib/avr5\libc.a(vsnprintf.o)
 .comment       0x00000030       0x2c c:/program files (x86)/atmel/studio/7.0/toolchain/avr8/avr8-gnu-toolchain/bin/../lib/gcc/avr/5.4.0/../../../../avr/lib/avr5\libc.a(vfprintf_std.o)
                                 0x2d (size before relaxing)
 .comment       0x0000005c       0x31 c:/program files (x86)/atmel/studio/7.0/toolchain/avr8/avr8-gnu-toolchain/bin/../lib/gcc/avr/5.4.0/../../../../avr/lib/avr5\libc.a(fputc.o)

.note.gnu.avr.deviceinfo
                0x00000000       0x3c
 .note.gnu.avr.deviceinfo
                0x00000000       0x3c C:/Program Files (x86)/Atmel/Studio/7.0/Packs/atmel/ATmega_DFP/1.3.300/gcc/dev/atmega328/avr5/crtatmega328.o

.note.gnu.build-id
 *(.note.gnu.build-id)

.debug
 *(.debug)

.line
 *(.line)

.debug_srcinfo
 *(.debug_srcinfo)

.debug_sfnames
 *(.debug_sfnames)

.debug_aranges  0x00000000      0x6d8
 *(.debug_aranges)
 .debug_aranges
                0x00000000       0x40 Libraria/74hc595.o
 .debug_aranges
                0x00000040       0x30 Libraria/atmega328analog.o
 .debug_aranges
                0x00000070       0x38 Libraria/atmega328interrupt.o
 .debug_aranges
                0x000000a8       0x48 Libraria/atmega328mapping.o
 .debug_aranges
                0x000000f0       0xc0 Libraria/atmega328timer.o
 .debug_aranges
                0x000001b0       0x60 Libraria/atmega328twi.o
 .debug_aranges
                0x00000210       0x68 Libraria/atmega328uart.o
 .debug_aranges
                0x00000278       0x20 Libraria/atmegaeeprom.o
 .debug_aranges
                0x00000298       0x38 Libraria/buffer.o
 .debug_aranges
                0x000002d0       0x48 Libraria/explode.o
 .debug_aranges
                0x00000318      0x140 Libraria/function.o
 .debug_aranges
                0x00000458       0x90 Libraria/lcd2p.o
 .debug_aranges
                0x000004e8       0x48 Libraria/mm74c923.o
 .debug_aranges
                0x00000530       0x48 main.o
 .debug_aranges
                0x00000578       0x20 C:/Program Files (x86)/Atmel/Studio/7.0/Packs/atmel/ATmega_DFP/1.3.300/gcc/dev/atmega328/avr5\libatmega328.a(eerd_block.o)
 .debug_aranges
                0x00000598       0x20 C:/Program Files (x86)/Atmel/Studio/7.0/Packs/atmel/ATmega_DFP/1.3.300/gcc/dev/atmega328/avr5\libatmega328.a(eerd_byte.o)
 .debug_aranges
                0x000005b8       0x20 C:/Program Files (x86)/Atmel/Studio/7.0/Packs/atmel/ATmega_DFP/1.3.300/gcc/dev/atmega328/avr5\libatmega328.a(eerd_word.o)
 .debug_aranges
                0x000005d8       0x20 C:/Program Files (x86)/Atmel/Studio/7.0/Packs/atmel/ATmega_DFP/1.3.300/gcc/dev/atmega328/avr5\libatmega328.a(eeupd_block.o)
 .debug_aranges
                0x000005f8       0x20 C:/Program Files (x86)/Atmel/Studio/7.0/Packs/atmel/ATmega_DFP/1.3.300/gcc/dev/atmega328/avr5\libatmega328.a(eeupd_byte.o)
 .debug_aranges
                0x00000618       0x20 C:/Program Files (x86)/Atmel/Studio/7.0/Packs/atmel/ATmega_DFP/1.3.300/gcc/dev/atmega328/avr5\libatmega328.a(eeupd_dword.o)
 .debug_aranges
                0x00000638       0x20 C:/Program Files (x86)/Atmel/Studio/7.0/Packs/atmel/ATmega_DFP/1.3.300/gcc/dev/atmega328/avr5\libatmega328.a(eeupd_word.o)
 .debug_aranges
                0x00000658       0x20 C:/Program Files (x86)/Atmel/Studio/7.0/Packs/atmel/ATmega_DFP/1.3.300/gcc/dev/atmega328/avr5\libatmega328.a(eewr_block.o)
 .debug_aranges
                0x00000678       0x20 C:/Program Files (x86)/Atmel/Studio/7.0/Packs/atmel/ATmega_DFP/1.3.300/gcc/dev/atmega328/avr5\libatmega328.a(eewr_byte.o)
 .debug_aranges
                0x00000698       0x20 C:/Program Files (x86)/Atmel/Studio/7.0/Packs/atmel/ATmega_DFP/1.3.300/gcc/dev/atmega328/avr5\libatmega328.a(eewr_dword.o)
 .debug_aranges
                0x000006b8       0x20 C:/Program Files (x86)/Atmel/Studio/7.0/Packs/atmel/ATmega_DFP/1.3.300/gcc/dev/atmega328/avr5\libatmega328.a(eewr_word.o)

.debug_pubnames
 *(.debug_pubnames)

.debug_info     0x00000000    0x101d6
 *(.debug_info .gnu.linkonce.wi.*)
 .debug_info    0x00000000      0x5f4 C:/Program Files (x86)/Atmel/Studio/7.0/Packs/atmel/ATmega_DFP/1.3.300/gcc/dev/atmega328/avr5/crtatmega328.o
 .debug_info    0x000005f4      0x283 Libraria/74hc595.o
 .debug_info    0x00000877     0x18b6 Libraria/atmega328analog.o
 .debug_info    0x0000212d     0x17f3 Libraria/atmega328interrupt.o
 .debug_info    0x00003920     0x182f Libraria/atmega328mapping.o
 .debug_info    0x0000514f     0x1b93 Libraria/atmega328timer.o
 .debug_info    0x00006ce2     0x1a80 Libraria/atmega328twi.o
 .debug_info    0x00008762     0x1b8f Libraria/atmega328uart.o
 .debug_info    0x0000a2f1      0x2de Libraria/atmegaeeprom.o
 .debug_info    0x0000a5cf      0x257 Libraria/buffer.o
 .debug_info    0x0000a826      0x2c4 Libraria/explode.o
 .debug_info    0x0000aaea     0x12bc Libraria/function.o
 .debug_info    0x0000bda6      0xb77 Libraria/lcd2p.o
 .debug_info    0x0000c91d      0x8fa Libraria/mm74c923.o
 .debug_info    0x0000d217     0x2923 main.o
 .debug_info    0x0000fb3a       0x9a C:/Program Files (x86)/Atmel/Studio/7.0/Packs/atmel/ATmega_DFP/1.3.300/gcc/dev/atmega328/avr5\libatmega328.a(eerd_block.o)
 .debug_info    0x0000fbd4       0x99 C:/Program Files (x86)/Atmel/Studio/7.0/Packs/atmel/ATmega_DFP/1.3.300/gcc/dev/atmega328/avr5\libatmega328.a(eerd_byte.o)
 .debug_info    0x0000fc6d       0x99 C:/Program Files (x86)/Atmel/Studio/7.0/Packs/atmel/ATmega_DFP/1.3.300/gcc/dev/atmega328/avr5\libatmega328.a(eerd_word.o)
 .debug_info    0x0000fd06       0x9b C:/Program Files (x86)/Atmel/Studio/7.0/Packs/atmel/ATmega_DFP/1.3.300/gcc/dev/atmega328/avr5\libatmega328.a(eeupd_block.o)
 .debug_info    0x0000fda1       0x9a C:/Program Files (x86)/Atmel/Studio/7.0/Packs/atmel/ATmega_DFP/1.3.300/gcc/dev/atmega328/avr5\libatmega328.a(eeupd_byte.o)
 .debug_info    0x0000fe3b       0x9b C:/Program Files (x86)/Atmel/Studio/7.0/Packs/atmel/ATmega_DFP/1.3.300/gcc/dev/atmega328/avr5\libatmega328.a(eeupd_dword.o)
 .debug_info    0x0000fed6       0x9a C:/Program Files (x86)/Atmel/Studio/7.0/Packs/atmel/ATmega_DFP/1.3.300/gcc/dev/atmega328/avr5\libatmega328.a(eeupd_word.o)
 .debug_info    0x0000ff70       0x9a C:/Program Files (x86)/Atmel/Studio/7.0/Packs/atmel/ATmega_DFP/1.3.300/gcc/dev/atmega328/avr5\libatmega328.a(eewr_block.o)
 .debug_info    0x0001000a       0x99 C:/Program Files (x86)/Atmel/Studio/7.0/Packs/atmel/ATmega_DFP/1.3.300/gcc/dev/atmega328/avr5\libatmega328.a(eewr_byte.o)
 .debug_info    0x000100a3       0x9a C:/Program Files (x86)/Atmel/Studio/7.0/Packs/atmel/ATmega_DFP/1.3.300/gcc/dev/atmega328/avr5\libatmega328.a(eewr_dword.o)
 .debug_info    0x0001013d       0x99 C:/Program Files (x86)/Atmel/Studio/7.0/Packs/atmel/ATmega_DFP/1.3.300/gcc/dev/atmega328/avr5\libatmega328.a(eewr_word.o)

.debug_abbrev   0x00000000     0x21e4
 *(.debug_abbrev)
 .debug_abbrev  0x00000000      0x5a2 C:/Program Files (x86)/Atmel/Studio/7.0/Packs/atmel/ATmega_DFP/1.3.300/gcc/dev/atmega328/avr5/crtatmega328.o
 .debug_abbrev  0x000005a2      0x14b Libraria/74hc595.o
 .debug_abbrev  0x000006ed      0x1fd Libraria/atmega328analog.o
 .debug_abbrev  0x000008ea      0x1de Libraria/atmega328interrupt.o
 .debug_abbrev  0x00000ac8      0x18a Libraria/atmega328mapping.o
 .debug_abbrev  0x00000c52      0x274 Libraria/atmega328timer.o
 .debug_abbrev  0x00000ec6      0x294 Libraria/atmega328twi.o
 .debug_abbrev  0x0000115a      0x2cb Libraria/atmega328uart.o
 .debug_abbrev  0x00001425       0xb5 Libraria/atmegaeeprom.o
 .debug_abbrev  0x000014da      0x125 Libraria/buffer.o
 .debug_abbrev  0x000015ff      0x164 Libraria/explode.o
 .debug_abbrev  0x00001763      0x304 Libraria/function.o
 .debug_abbrev  0x00001a67      0x26a Libraria/lcd2p.o
 .debug_abbrev  0x00001cd1      0x1e5 Libraria/mm74c923.o
 .debug_abbrev  0x00001eb6      0x252 main.o
 .debug_abbrev  0x00002108       0x14 C:/Program Files (x86)/Atmel/Studio/7.0/Packs/atmel/ATmega_DFP/1.3.300/gcc/dev/atmega328/avr5\libatmega328.a(eerd_block.o)
 .debug_abbrev  0x0000211c       0x14 C:/Program Files (x86)/Atmel/Studio/7.0/Packs/atmel/ATmega_DFP/1.3.300/gcc/dev/atmega328/avr5\libatmega328.a(eerd_byte.o)
 .debug_abbrev  0x00002130       0x14 C:/Program Files (x86)/Atmel/Studio/7.0/Packs/atmel/ATmega_DFP/1.3.300/gcc/dev/atmega328/avr5\libatmega328.a(eerd_word.o)
 .debug_abbrev  0x00002144       0x14 C:/Program Files (x86)/Atmel/Studio/7.0/Packs/atmel/ATmega_DFP/1.3.300/gcc/dev/atmega328/avr5\libatmega328.a(eeupd_block.o)
 .debug_abbrev  0x00002158       0x14 C:/Program Files (x86)/Atmel/Studio/7.0/Packs/atmel/ATmega_DFP/1.3.300/gcc/dev/atmega328/avr5\libatmega328.a(eeupd_byte.o)
 .debug_abbrev  0x0000216c       0x14 C:/Program Files (x86)/Atmel/Studio/7.0/Packs/atmel/ATmega_DFP/1.3.300/gcc/dev/atmega328/avr5\libatmega328.a(eeupd_dword.o)
 .debug_abbrev  0x00002180       0x14 C:/Program Files (x86)/Atmel/Studio/7.0/Packs/atmel/ATmega_DFP/1.3.300/gcc/dev/atmega328/avr5\libatmega328.a(eeupd_word.o)
 .debug_abbrev  0x00002194       0x14 C:/Program Files (x86)/Atmel/Studio/7.0/Packs/atmel/ATmega_DFP/1.3.300/gcc/dev/atmega328/avr5\libatmega328.a(eewr_block.o)
 .debug_abbrev  0x000021a8       0x14 C:/Program Files (x86)/Atmel/Studio/7.0/Packs/atmel/ATmega_DFP/1.3.300/gcc/dev/atmega328/avr5\libatmega328.a(eewr_byte.o)
 .debug_abbrev  0x000021bc       0x14 C:/Program Files (x86)/Atmel/Studio/7.0/Packs/atmel/ATmega_DFP/1.3.300/gcc/dev/atmega328/avr5\libatmega328.a(eewr_dword.o)
 .debug_abbrev  0x000021d0       0x14 C:/Program Files (x86)/Atmel/Studio/7.0/Packs/atmel/ATmega_DFP/1.3.300/gcc/dev/atmega328/avr5\libatmega328.a(eewr_word.o)

.debug_line     0x00000000     0x4124
 *(.debug_line .debug_line.* .debug_line_end)
 .debug_line    0x00000000      0x133 C:/Program Files (x86)/Atmel/Studio/7.0/Packs/atmel/ATmega_DFP/1.3.300/gcc/dev/atmega328/avr5/crtatmega328.o
 .debug_line    0x00000133      0x1a6 Libraria/74hc595.o
 .debug_line    0x000002d9      0x394 Libraria/atmega328analog.o
 .debug_line    0x0000066d      0x309 Libraria/atmega328interrupt.o
 .debug_line    0x00000976      0x2fa Libraria/atmega328mapping.o
 .debug_line    0x00000c70      0x997 Libraria/atmega328timer.o
 .debug_line    0x00001607      0x410 Libraria/atmega328twi.o
 .debug_line    0x00001a17      0x4c2 Libraria/atmega328uart.o
 .debug_line    0x00001ed9      0x138 Libraria/atmegaeeprom.o
 .debug_line    0x00002011      0x13a Libraria/buffer.o
 .debug_line    0x0000214b      0x169 Libraria/explode.o
 .debug_line    0x000022b4      0x8c1 Libraria/function.o
 .debug_line    0x00002b75      0x73d Libraria/lcd2p.o
 .debug_line    0x000032b2      0x29e Libraria/mm74c923.o
 .debug_line    0x00003550      0x62f main.o
 .debug_line    0x00003b7f       0xab C:/Program Files (x86)/Atmel/Studio/7.0/Packs/atmel/ATmega_DFP/1.3.300/gcc/dev/atmega328/avr5\libatmega328.a(eerd_block.o)
 .debug_line    0x00003c2a       0x7a C:/Program Files (x86)/Atmel/Studio/7.0/Packs/atmel/ATmega_DFP/1.3.300/gcc/dev/atmega328/avr5\libatmega328.a(eerd_byte.o)
 .debug_line    0x00003ca4       0x67 C:/Program Files (x86)/Atmel/Studio/7.0/Packs/atmel/ATmega_DFP/1.3.300/gcc/dev/atmega328/avr5\libatmega328.a(eerd_word.o)
 .debug_line    0x00003d0b       0xa5 C:/Program Files (x86)/Atmel/Studio/7.0/Packs/atmel/ATmega_DFP/1.3.300/gcc/dev/atmega328/avr5\libatmega328.a(eeupd_block.o)
 .debug_line    0x00003db0       0xb6 C:/Program Files (x86)/Atmel/Studio/7.0/Packs/atmel/ATmega_DFP/1.3.300/gcc/dev/atmega328/avr5\libatmega328.a(eeupd_byte.o)
 .debug_line    0x00003e66       0x7b C:/Program Files (x86)/Atmel/Studio/7.0/Packs/atmel/ATmega_DFP/1.3.300/gcc/dev/atmega328/avr5\libatmega328.a(eeupd_dword.o)
 .debug_line    0x00003ee1       0x62 C:/Program Files (x86)/Atmel/Studio/7.0/Packs/atmel/ATmega_DFP/1.3.300/gcc/dev/atmega328/avr5\libatmega328.a(eeupd_word.o)
 .debug_line    0x00003f43       0x80 C:/Program Files (x86)/Atmel/Studio/7.0/Packs/atmel/ATmega_DFP/1.3.300/gcc/dev/atmega328/avr5\libatmega328.a(eewr_block.o)
 .debug_line    0x00003fc3       0x9e C:/Program Files (x86)/Atmel/Studio/7.0/Packs/atmel/ATmega_DFP/1.3.300/gcc/dev/atmega328/avr5\libatmega328.a(eewr_byte.o)
 .debug_line    0x00004061       0x68 C:/Program Files (x86)/Atmel/Studio/7.0/Packs/atmel/ATmega_DFP/1.3.300/gcc/dev/atmega328/avr5\libatmega328.a(eewr_dword.o)
 .debug_line    0x000040c9       0x5b C:/Program Files (x86)/Atmel/Studio/7.0/Packs/atmel/ATmega_DFP/1.3.300/gcc/dev/atmega328/avr5\libatmega328.a(eewr_word.o)

.debug_frame    0x00000000      0xf38
 *(.debug_frame)
 .debug_frame   0x00000000       0xb4 Libraria/74hc595.o
 .debug_frame   0x000000b4       0x9c Libraria/atmega328analog.o
 .debug_frame   0x00000150       0x64 Libraria/atmega328interrupt.o
 .debug_frame   0x000001b4       0x74 Libraria/atmega328mapping.o
 .debug_frame   0x00000228      0x200 Libraria/atmega328timer.o
 .debug_frame   0x00000428       0xe4 Libraria/atmega328twi.o
 .debug_frame   0x0000050c      0x180 Libraria/atmega328uart.o
 .debug_frame   0x0000068c       0x24 Libraria/atmegaeeprom.o
 .debug_frame   0x000006b0       0x54 Libraria/buffer.o
 .debug_frame   0x00000704       0x74 Libraria/explode.o
 .debug_frame   0x00000778      0x46c Libraria/function.o
 .debug_frame   0x00000be4      0x184 Libraria/lcd2p.o
 .debug_frame   0x00000d68       0xac Libraria/mm74c923.o
 .debug_frame   0x00000e14      0x124 main.o

.debug_str      0x00000000     0x19d0
 *(.debug_str)
 .debug_str     0x00000000      0x208 C:/Program Files (x86)/Atmel/Studio/7.0/Packs/atmel/ATmega_DFP/1.3.300/gcc/dev/atmega328/avr5/crtatmega328.o
 .debug_str     0x00000208      0x1e0 Libraria/74hc595.o
                                0x23a (size before relaxing)
 .debug_str     0x000003e8      0x964 Libraria/atmega328analog.o
                                0xb7e (size before relaxing)
 .debug_str     0x00000d4c       0x8b Libraria/atmega328interrupt.o
                                0xb0d (size before relaxing)
 .debug_str     0x00000dd7       0x4d Libraria/atmega328mapping.o
                                0xad0 (size before relaxing)
 .debug_str     0x00000e24      0x282 Libraria/atmega328timer.o
                                0xd06 (size before relaxing)
 .debug_str     0x000010a6      0x110 Libraria/atmega328twi.o
                                0xb9a (size before relaxing)
 .debug_str     0x000011b6       0xf7 Libraria/atmega328uart.o
                                0xbba (size before relaxing)
 .debug_str     0x000012ad       0x28 Libraria/atmegaeeprom.o
                                0x263 (size before relaxing)
 .debug_str     0x000012d5       0x47 Libraria/buffer.o
                                0x1f2 (size before relaxing)
 .debug_str     0x0000131c       0x7b Libraria/explode.o
                                0x1e8 (size before relaxing)
 .debug_str     0x00001397      0x2ca Libraria/function.o
                                0x5b2 (size before relaxing)
 .debug_str     0x00001661      0x165 Libraria/lcd2p.o
                                0x386 (size before relaxing)
 .debug_str     0x000017c6      0x153 Libraria/mm74c923.o
                                0x462 (size before relaxing)
 .debug_str     0x00001919       0xb7 main.o
                                0xd29 (size before relaxing)

.debug_loc      0x00000000     0x45da
 *(.debug_loc)
 .debug_loc     0x00000000      0x2d7 Libraria/74hc595.o
 .debug_loc     0x000002d7      0x2c0 Libraria/atmega328analog.o
 .debug_loc     0x00000597      0x15b Libraria/atmega328interrupt.o
 .debug_loc     0x000006f2       0xa3 Libraria/atmega328mapping.o
 .debug_loc     0x00000795      0x6c6 Libraria/atmega328timer.o
 .debug_loc     0x00000e5b      0x3e0 Libraria/atmega328twi.o
 .debug_loc     0x0000123b      0x78b Libraria/atmega328uart.o
 .debug_loc     0x000019c6      0x103 Libraria/buffer.o
 .debug_loc     0x00001ac9      0x163 Libraria/explode.o
 .debug_loc     0x00001c2c     0x1a72 Libraria/function.o
 .debug_loc     0x0000369e      0x95f Libraria/lcd2p.o
 .debug_loc     0x00003ffd      0x1b4 Libraria/mm74c923.o
 .debug_loc     0x000041b1      0x429 main.o

.debug_macinfo
 *(.debug_macinfo)

.debug_weaknames
 *(.debug_weaknames)

.debug_funcnames
 *(.debug_funcnames)

.debug_typenames
 *(.debug_typenames)

.debug_varnames
 *(.debug_varnames)

.debug_pubtypes
 *(.debug_pubtypes)

.debug_ranges   0x00000000      0x498
 *(.debug_ranges)
 .debug_ranges  0x00000000       0x30 Libraria/74hc595.o
 .debug_ranges  0x00000030       0x20 Libraria/atmega328analog.o
 .debug_ranges  0x00000050       0x28 Libraria/atmega328interrupt.o
 .debug_ranges  0x00000078       0x38 Libraria/atmega328mapping.o
 .debug_ranges  0x000000b0       0xb0 Libraria/atmega328timer.o
 .debug_ranges  0x00000160       0x50 Libraria/atmega328twi.o
 .debug_ranges  0x000001b0       0x58 Libraria/atmega328uart.o
 .debug_ranges  0x00000208       0x10 Libraria/atmegaeeprom.o
 .debug_ranges  0x00000218       0x28 Libraria/buffer.o
 .debug_ranges  0x00000240       0x38 Libraria/explode.o
 .debug_ranges  0x00000278      0x130 Libraria/function.o
 .debug_ranges  0x000003a8       0x80 Libraria/lcd2p.o
 .debug_ranges  0x00000428       0x38 Libraria/mm74c923.o
 .debug_ranges  0x00000460       0x38 main.o

.debug_macro
 *(.debug_macro)
OUTPUT(Atmega328.elf elf32-avr)
LOAD linker stubs
